Component: Arm Compiler for Embedded 6.19 Tool: armlink [5e73cb00]

==============================================================================

Section Cross References

    main.o(.ARM.exidx.text.Delay_ms) refers to main.o(.text.Delay_ms) for [Anonymous Symbol]
    main.o(.text.vWindowUpDriver) refers to main.o(.bss.xManualUpSemaphore) for xManualUpSemaphore
    main.o(.text.vWindowUpDriver) refers to queue.o(.text.xQueueSemaphoreTake) for xQueueSemaphoreTake
    main.o(.text.vWindowUpDriver) refers to gpio.o(i.GPIOPinRead) for GPIOPinRead
    main.o(.text.vWindowUpDriver) refers to main.o(.bss.locked) for locked
    main.o(.text.vWindowUpDriver) refers to main.o(.bss.fromDriver) for fromDriver
    main.o(.text.vWindowUpDriver) refers to main.o(.bss.xMutexLock) for xMutexLock
    main.o(.text.vWindowUpDriver) refers to main.o(.bss.down) for down
    main.o(.text.vWindowUpDriver) refers to main.o(.bss.up) for up
    main.o(.text.vWindowUpDriver) refers to queue.o(.text.xQueueGenericSend) for xQueueGenericSend
    main.o(.text.vWindowUpDriver) refers to motor.o(.text.L298N_Stop) for L298N_Stop
    main.o(.text.vWindowUpDriver) refers to main.o(.text.Delay_ms) for Delay_ms
    main.o(.text.vWindowUpDriver) refers to motor.o(.text.L298N_MoveForward) for L298N_MoveForward
    main.o(.text.vWindowUpDriver) refers to gpio.o(i.GPIOIntClear) for GPIOIntClear
    main.o(.ARM.exidx.text.vWindowUpDriver) refers to main.o(.text.vWindowUpDriver) for [Anonymous Symbol]
    main.o(.text.vWindowDownDriver) refers to main.o(.bss.xManualDownSemaphore) for xManualDownSemaphore
    main.o(.text.vWindowDownDriver) refers to queue.o(.text.xQueueSemaphoreTake) for xQueueSemaphoreTake
    main.o(.text.vWindowDownDriver) refers to gpio.o(i.GPIOPinRead) for GPIOPinRead
    main.o(.text.vWindowDownDriver) refers to main.o(.bss.locked) for locked
    main.o(.text.vWindowDownDriver) refers to main.o(.bss.fromDriver) for fromDriver
    main.o(.text.vWindowDownDriver) refers to main.o(.bss.xMutexLock) for xMutexLock
    main.o(.text.vWindowDownDriver) refers to main.o(.bss.up) for up
    main.o(.text.vWindowDownDriver) refers to main.o(.bss.down) for down
    main.o(.text.vWindowDownDriver) refers to queue.o(.text.xQueueGenericSend) for xQueueGenericSend
    main.o(.text.vWindowDownDriver) refers to motor.o(.text.L298N_Stop) for L298N_Stop
    main.o(.text.vWindowDownDriver) refers to main.o(.text.Delay_ms) for Delay_ms
    main.o(.text.vWindowDownDriver) refers to motor.o(.text.L298N_MoveBackward) for L298N_MoveBackward
    main.o(.text.vWindowDownDriver) refers to gpio.o(i.GPIOIntClear) for GPIOIntClear
    main.o(.ARM.exidx.text.vWindowDownDriver) refers to main.o(.text.vWindowDownDriver) for [Anonymous Symbol]
    main.o(.text.vAutoUpDriver) refers to main.o(.bss.xAutoUpSemaphore) for xAutoUpSemaphore
    main.o(.text.vAutoUpDriver) refers to queue.o(.text.xQueueSemaphoreTake) for xQueueSemaphoreTake
    main.o(.text.vAutoUpDriver) refers to gpio.o(i.GPIOPinRead) for GPIOPinRead
    main.o(.text.vAutoUpDriver) refers to main.o(.bss.locked) for locked
    main.o(.text.vAutoUpDriver) refers to main.o(.bss.fromDriver) for fromDriver
    main.o(.text.vAutoUpDriver) refers to main.o(.bss.xMutexLock) for xMutexLock
    main.o(.text.vAutoUpDriver) refers to main.o(.bss.down) for down
    main.o(.text.vAutoUpDriver) refers to main.o(.bss.up) for up
    main.o(.text.vAutoUpDriver) refers to queue.o(.text.xQueueGenericSend) for xQueueGenericSend
    main.o(.text.vAutoUpDriver) refers to motor.o(.text.L298N_Stop) for L298N_Stop
    main.o(.text.vAutoUpDriver) refers to main.o(.text.Delay_ms) for Delay_ms
    main.o(.text.vAutoUpDriver) refers to motor.o(.text.L298N_MoveForward) for L298N_MoveForward
    main.o(.text.vAutoUpDriver) refers to motor.o(.text.L298N_MoveBackward) for L298N_MoveBackward
    main.o(.text.vAutoUpDriver) refers to main.o(.bss.upBefore) for upBefore
    main.o(.ARM.exidx.text.vAutoUpDriver) refers to main.o(.text.vAutoUpDriver) for [Anonymous Symbol]
    main.o(.text.vAutoDownDriver) refers to main.o(.bss.xAutoDownSemaphore) for xAutoDownSemaphore
    main.o(.text.vAutoDownDriver) refers to queue.o(.text.xQueueSemaphoreTake) for xQueueSemaphoreTake
    main.o(.text.vAutoDownDriver) refers to gpio.o(i.GPIOPinRead) for GPIOPinRead
    main.o(.text.vAutoDownDriver) refers to main.o(.bss.locked) for locked
    main.o(.text.vAutoDownDriver) refers to main.o(.bss.fromDriver) for fromDriver
    main.o(.text.vAutoDownDriver) refers to main.o(.bss.xMutexLock) for xMutexLock
    main.o(.text.vAutoDownDriver) refers to main.o(.bss.up) for up
    main.o(.text.vAutoDownDriver) refers to main.o(.bss.down) for down
    main.o(.text.vAutoDownDriver) refers to queue.o(.text.xQueueGenericSend) for xQueueGenericSend
    main.o(.text.vAutoDownDriver) refers to motor.o(.text.L298N_Stop) for L298N_Stop
[...]
    buttons.c                                0x00000000   Number         0  buttons.o ABSOLUTE
    cpu.c                                    0x00000000   Number         0  cpu.o ABSOLUTE
    cpu.c                                    0x00000000   Number         0  cpu.o ABSOLUTE
    dc.s                                     0x00000000   Number         0  dc.o ABSOLUTE
    freertos_evr.c                           0x00000000   Number         0  freertos_evr.o ABSOLUTE
    gpio.c                                   0x00000000   Number         0  gpio.o ABSOLUTE
    heap_1.c                                 0x00000000   Number         0  heap_1.o ABSOLUTE
    interrupt.c                              0x00000000   Number         0  interrupt.o ABSOLUTE
    list.c                                   0x00000000   Number         0  list.o ABSOLUTE
    main.c                                   0x00000000   Number         0  main.o ABSOLUTE
    motor.c                                  0x00000000   Number         0  motor.o ABSOLUTE
    port.c                                   0x00000000   Number         0  port.o ABSOLUTE
    pwm.c                                    0x00000000   Number         0  pwm.o ABSOLUTE
    queue.c                                  0x00000000   Number         0  queue.o ABSOLUTE
    semph.c                                  0x00000000   Number         0  semph.o ABSOLUTE
    sysctl.c                                 0x00000000   Number         0  sysctl.o ABSOLUTE
    sysctl.c                                 0x00000000   Number         0  sysctl.o ABSOLUTE
    system_TM4C123.c                         0x00000000   Number         0  system_tm4c123.o ABSOLUTE
    tasks.c                                  0x00000000   Number         0  tasks.o ABSOLUTE
    RESET                                    0x00000000   Section      620  startup_tm4c123.o(RESET)
    !!!main                                  0x0000026c   Section        8  __main.o(!!!main)
    !!!scatter                               0x00000274   Section       52  __scatter.o(!!!scatter)
    !!handler_copy                           0x000002a8   Section       26  __scatter_copy.o(!!handler_copy)
    !!handler_zi                             0x000002c4   Section       28  __scatter_zi.o(!!handler_zi)
    .ARM.Collect$$libinit$$00000000          0x000002e0   Section        2  libinit.o(.ARM.Collect$$libinit$$00000000)
    .ARM.Collect$$libinit$$00000001          0x000002e2   Section        4  libinit2.o(.ARM.Collect$$libinit$$00000001)
    .ARM.Collect$$libinit$$00000004          0x000002e6   Section        0  libinit2.o(.ARM.Collect$$libinit$$00000004)
    .ARM.Collect$$libinit$$00000006          0x000002e6   Section        0  libinit2.o(.ARM.Collect$$libinit$$00000006)
    .ARM.Collect$$libinit$$0000000C          0x000002e6   Section        0  libinit2.o(.ARM.Collect$$libinit$$0000000C)
    .ARM.Collect$$libinit$$0000000E          0x000002e6   Section        0  libinit2.o(.ARM.Collect$$libinit$$0000000E)
    .ARM.Collect$$libinit$$00000010          0x000002e6   Section        0  libinit2.o(.ARM.Collect$$libinit$$00000010)
    .ARM.Collect$$libinit$$00000013          0x000002e6   Section        0  libinit2.o(.ARM.Collect$$libinit$$00000013)
    .ARM.Collect$$libinit$$00000015          0x000002e6   Section        0  libinit2.o(.ARM.Collect$$libinit$$00000015)
    .ARM.Collect$$libinit$$00000017          0x000002e6   Section        0  libinit2.o(.ARM.Collect$$libinit$$00000017)
    .ARM.Collect$$libinit$$00000019          0x000002e6   Section        0  libinit2.o(.ARM.Collect$$libinit$$00000019)
    .ARM.Collect$$libinit$$0000001B          0x000002e6   Section        0  libinit2.o(.ARM.Collect$$libinit$$0000001B)
    .ARM.Collect$$libinit$$0000001D          0x000002e6   Section        0  libinit2.o(.ARM.Collect$$libinit$$0000001D)
    .ARM.Collect$$libinit$$0000001F          0x000002e6   Section        0  libinit2.o(.ARM.Collect$$libinit$$0000001F)
    .ARM.Collect$$libinit$$00000021          0x000002e6   Section        0  libinit2.o(.ARM.Collect$$libinit$$00000021)
    .ARM.Collect$$libinit$$00000023          0x000002e6   Section        0  libinit2.o(.ARM.Collect$$libinit$$00000023)
    .ARM.Collect$$libinit$$00000025          0x000002e6   Section        0  libinit2.o(.ARM.Collect$$libinit$$00000025)
    .ARM.Collect$$libinit$$00000027          0x000002e6   Section        0  libinit2.o(.ARM.Collect$$libinit$$00000027)
    .ARM.Collect$$libinit$$0000002E          0x000002e6   Section        0  libinit2.o(.ARM.Collect$$libinit$$0000002E)
    .ARM.Collect$$libinit$$00000030          0x000002e6   Section        0  libinit2.o(.ARM.Collect$$libinit$$00000030)
    .ARM.Collect$$libinit$$00000032          0x000002e6   Section        0  libinit2.o(.ARM.Collect$$libinit$$00000032)
    .ARM.Collect$$libinit$$00000034          0x000002e6   Section        0  libinit2.o(.ARM.Collect$$libinit$$00000034)
    .ARM.Collect$$libinit$$00000035          0x000002e6   Section        2  libinit2.o(.ARM.Collect$$libinit$$00000035)
    .ARM.Collect$$libshutdown$$00000000      0x000002e8   Section        2  libshutdown.o(.ARM.Collect$$libshutdown$$00000000)
    .ARM.Collect$$libshutdown$$00000002      0x000002ea   Section        0  libshutdown2.o(.ARM.Collect$$libshutdown$$00000002)
    .ARM.Collect$$libshutdown$$00000004      0x000002ea   Section        0  libshutdown2.o(.ARM.Collect$$libshutdown$$00000004)
    .ARM.Collect$$libshutdown$$00000007      0x000002ea   Section        0  libshutdown2.o(.ARM.Collect$$libshutdown$$00000007)
    .ARM.Collect$$libshutdown$$0000000A      0x000002ea   Section        0  libshutdown2.o(.ARM.Collect$$libshutdown$$0000000A)
    .ARM.Collect$$libshutdown$$0000000C      0x000002ea   Section        0  libshutdown2.o(.ARM.Collect$$libshutdown$$0000000C)
    .ARM.Collect$$libshutdown$$0000000F      0x000002ea   Section        0  libshutdown2.o(.ARM.Collect$$libshutdown$$0000000F)
    .ARM.Collect$$libshutdown$$00000010      0x000002ea   Section        2  libshutdown2.o(.ARM.Collect$$libshutdown$$00000010)
    .ARM.Collect$$rtentry$$00000000          0x000002ec   Section        0  __rtentry.o(.ARM.Collect$$rtentry$$00000000)
    .ARM.Collect$$rtentry$$00000002          0x000002ec   Section        0  __rtentry2.o(.ARM.Collect$$rtentry$$00000002)
    .ARM.Collect$$rtentry$$00000004          0x000002ec   Section        6  __rtentry4.o(.ARM.Collect$$rtentry$$00000004)
    .ARM.Collect$$rtentry$$00000009          0x000002f2   Section        0  __rtentry2.o(.ARM.Collect$$rtentry$$00000009)
    .ARM.Collect$$rtentry$$0000000A          0x000002f2   Section        4  __rtentry2.o(.ARM.Collect$$rtentry$$0000000A)
    .ARM.Collect$$rtentry$$0000000C          0x000002f6   Section        0  __rtentry2.o(.ARM.Collect$$rtentry$$0000000C)
    .ARM.Collect$$rtentry$$0000000D          0x000002f6   Section        8  __rtentry2.o(.ARM.Collect$$rtentry$$0000000D)
    .ARM.Collect$$rtexit$$00000000           0x000002fe   Section        2  rtexit.o(.ARM.Collect$$rtexit$$00000000)
    .ARM.Collect$$rtexit$$00000002           0x00000300   Section        0  rtexit2.o(.ARM.Collect$$rtexit$$00000002)
    .ARM.Collect$$rtexit$$00000003           0x00000300   Section        4  rtexit2.o(.ARM.Collect$$rtexit$$00000003)
    .ARM.Collect$$rtexit$$00000004           0x00000304   Section        6  rtexit2.o(.ARM.Collect$$rtexit$$00000004)
    $v0                                      0x0000030c   Number         0  startup_tm4c123.o(.text)
    .text                                    0x0000030c   Section      276  startup_tm4c123.o(.text)
    .text                                    0x00000420   Section      138  rt_memcpy_v6.o(.text)
    .text                                    0x000004aa   Section       16  aeabi_memset4.o(.text)
    .text                                    0x000004ba   Section       68  rt_memclr.o(.text)
    .text                                    0x000004fe   Section        0  heapauxi.o(.text)
    .text                                    0x00000504   Section      100  rt_memcpy_w.o(.text)
    .text                                    0x00000568   Section       78  rt_memclr_w.o(.text)
    .text                                    0x000005b6   Section       74  sys_stackheap_outer.o(.text)
    .text                                    0x00000600   Section        0  exit.o(.text)
    .text                                    0x00000614   Section        8  libspace.o(.text)
    .text                                    0x0000061c   Section        0  sys_exit.o(.text)
    .text                                    0x00000628   Section        2  use_no_semi.o(.text)
    .text                                    0x0000062a   Section        0  indicate_semi.o(.text)
    [Anonymous Symbol]                       0x0000062c   Section        0  main.o(.text.Delay_ms)
    [Anonymous Symbol]                       0x0000066c   Section        0  main.o(.text.GPIOD_Handler)
    [Anonymous Symbol]                       0x000006b8   Section        0  main.o(.text.GPIOE_Handler)
    [Anonymous Symbol]                       0x00000904   Section        0  motor.o(.text.L298N_Init)
    [Anonymous Symbol]                       0x00000930   Section        0  motor.o(.text.L298N_MoveBackward)
    [Anonymous Symbol]                       0x00000950   Section        0  motor.o(.text.L298N_MoveForward)
    [Anonymous Symbol]                       0x00000970   Section        0  motor.o(.text.L298N_Stop)
    [Anonymous Symbol]                       0x00000980   Section        0  port.o(.text.PendSV_Handler)
    pxCurrentTCBConst                        0x000009e0   Number         0  port.o(.text.PendSV_Handler)
    [Anonymous Symbol]                       0x000009e4   Section        0  buttons.o(.text.PushButton_Init)
    [Anonymous Symbol]                       0x00000ac0   Section        0  port.o(.text.SVC_Handler)
    pxCurrentTCBConst2                       0x00000ae0   Number         0  port.o(.text.SVC_Handler)
    [Anonymous Symbol]                       0x00000ae4   Section        0  semph.o(.text.Semph_Init)
    [Anonymous Symbol]                       0x00000be4   Section        0  port.o(.text.SysTick_Handler)
    [Anonymous Symbol]                       0x00000c20   Section        0  system_tm4c123.o(.text.SystemInit)
    __NVIC_SetPriority                       0x00000d2d   Thumb Code    66  main.o(.text.__NVIC_SetPriority)
    [Anonymous Symbol]                       0x00000d2c   Section        0  main.o(.text.__NVIC_SetPriority)
    [Anonymous Symbol]                       0x00000d70   Section        0  tasks.o(.text.eTaskConfirmSleepModeStatus)
    [Anonymous Symbol]                       0x00000df0   Section        0  buttons.o(.text.lock_init)
    [Anonymous Symbol]                       0x00000e90   Section        0  main.o(.text.main)
    [Anonymous Symbol]                       0x00000ffc   Section        0  buttons.o(.text.on_off_init)
    prvAddCurrentTaskToDelayedList           0x0000105d   Thumb Code   290  tasks.o(.text.prvAddCurrentTaskToDelayedList)
    [Anonymous Symbol]                       0x0000105c   Section        0  tasks.o(.text.prvAddCurrentTaskToDelayedList)
    prvAddNewTaskToReadyList                 0x00001181   Thumb Code   340  tasks.o(.text.prvAddNewTaskToReadyList)
    [Anonymous Symbol]                       0x00001180   Section        0  tasks.o(.text.prvAddNewTaskToReadyList)
    prvCheckTasksWaitingTermination          0x000012d5   Thumb Code    90  tasks.o(.text.prvCheckTasksWaitingTermination)
    [Anonymous Symbol]                       0x000012d4   Section        0  tasks.o(.text.prvCheckTasksWaitingTermination)
    prvCopyDataToQueue                       0x00001331   Thumb Code   204  queue.o(.text.prvCopyDataToQueue)
    [Anonymous Symbol]                       0x00001330   Section        0  queue.o(.text.prvCopyDataToQueue)
    prvDeleteTCB                             0x000013fd   Thumb Code    24  tasks.o(.text.prvDeleteTCB)
    [Anonymous Symbol]                       0x000013fc   Section        0  tasks.o(.text.prvDeleteTCB)
    prvGetDisinheritPriorityAfterTimeout     0x00001415   Thumb Code    38  queue.o(.text.prvGetDisinheritPriorityAfterTimeout)
    [Anonymous Symbol]                       0x00001414   Section        0  queue.o(.text.prvGetDisinheritPriorityAfterTimeout)
    prvGetExpectedIdleTime                   0x0000143d   Thumb Code   124  tasks.o(.text.prvGetExpectedIdleTime)
    [Anonymous Symbol]                       0x0000143c   Section        0  tasks.o(.text.prvGetExpectedIdleTime)
    prvIdleTask                              0x000014b9   Thumb Code   158  tasks.o(.text.prvIdleTask)
    [Anonymous Symbol]                       0x000014b8   Section        0  tasks.o(.text.prvIdleTask)
    prvInitialiseMutex                       0x00001559   Thumb Code    44  queue.o(.text.prvInitialiseMutex)
    [Anonymous Symbol]                       0x00001558   Section        0  queue.o(.text.prvInitialiseMutex)
    prvInitialiseNewQueue                    0x00001585   Thumb Code    78  queue.o(.text.prvInitialiseNewQueue)
    [Anonymous Symbol]                       0x00001584   Section        0  queue.o(.text.prvInitialiseNewQueue)
    prvInitialiseNewTask                     0x000015d5   Thumb Code   292  tasks.o(.text.prvInitialiseNewTask)
    [Anonymous Symbol]                       0x000015d4   Section        0  tasks.o(.text.prvInitialiseNewTask)
    prvInitialiseTaskLists                   0x000016f9   Thumb Code   142  tasks.o(.text.prvInitialiseTaskLists)
    [Anonymous Symbol]                       0x000016f8   Section        0  tasks.o(.text.prvInitialiseTaskLists)
    prvIsQueueEmpty                          0x00001789   Thumb Code    40  queue.o(.text.prvIsQueueEmpty)
    [Anonymous Symbol]                       0x00001788   Section        0  queue.o(.text.prvIsQueueEmpty)
    prvIsQueueFull                           0x000017b1   Thumb Code    46  queue.o(.text.prvIsQueueFull)
    [Anonymous Symbol]                       0x000017b0   Section        0  queue.o(.text.prvIsQueueFull)
    prvNotifyQueueSetContainer               0x000017e1   Thumb Code   236  queue.o(.text.prvNotifyQueueSetContainer)
    [Anonymous Symbol]                       0x000017e0   Section        0  queue.o(.text.prvNotifyQueueSetContainer)
    prvPortStartFirstTask                    0x000018cd   Thumb Code    40  port.o(.text.prvPortStartFirstTask)
    [Anonymous Symbol]                       0x000018cc   Section        0  port.o(.text.prvPortStartFirstTask)
    prvResetNextTaskUnblockTime              0x000018f5   Thumb Code    60  tasks.o(.text.prvResetNextTaskUnblockTime)
    [Anonymous Symbol]                       0x000018f4   Section        0  tasks.o(.text.prvResetNextTaskUnblockTime)
    prvTaskExitError                         0x00001931   Thumb Code    76  port.o(.text.prvTaskExitError)
    [Anonymous Symbol]                       0x00001930   Section        0  port.o(.text.prvTaskExitError)
    prvUnlockQueue                           0x0000197d   Thumb Code   204  queue.o(.text.prvUnlockQueue)
    [Anonymous Symbol]                       0x0000197c   Section        0  queue.o(.text.prvUnlockQueue)
    [Anonymous Symbol]                       0x00001a48   Section        0  heap_1.o(.text.pvPortMalloc)
    [Anonymous Symbol]                       0x00001b08   Section        0  tasks.o(.text.pvTaskIncrementMutexHeldCount)
    [Anonymous Symbol]                       0x00001b34   Section        0  port.o(.text.pxPortInitialiseStack)
    [Anonymous Symbol]                       0x00001b94   Section        0  list.o(.text.uxListRemove)
    [Anonymous Symbol]                       0x00001bdc   Section        0  tasks.o(.text.uxTaskGetNumberOfTasks)
    [Anonymous Symbol]                       0x00001be8   Section        0  main.o(.text.vApplicationIdleHook)
    [Anonymous Symbol]                       0x00001c38   Section        0  main.o(.text.vAutoDownDriver)
    [Anonymous Symbol]                       0x00001db4   Section        0  main.o(.text.vAutoUpDriver)
    [Anonymous Symbol]                       0x00001f60   Section        0  list.o(.text.vListInitialise)
    [Anonymous Symbol]                       0x00001f90   Section        0  list.o(.text.vListInitialiseItem)
    [Anonymous Symbol]                       0x00001fa0   Section        0  list.o(.text.vListInsert)
    vPortEnableVFP                           0x0000200d   Thumb Code    20  port.o(.text.vPortEnableVFP)
    [Anonymous Symbol]                       0x0000200c   Section        0  port.o(.text.vPortEnableVFP)
    [Anonymous Symbol]                       0x00002020   Section        0  port.o(.text.vPortEnterCritical)
    [Anonymous Symbol]                       0x00002078   Section        0  port.o(.text.vPortExitCritical)
    [Anonymous Symbol]                       0x000020c4   Section        0  heap_1.o(.text.vPortFree)
    [Anonymous Symbol]                       0x000020e8   Section        0  port.o(.text.vPortSetupTimerInterrupt)
    [Anonymous Symbol]                       0x00002160   Section        0  port.o(.text.vPortSuppressTicksAndSleep)
    [Anonymous Symbol]                       0x00002380   Section        0  port.o(.text.vPortValidateInterruptPriority)
    [Anonymous Symbol]                       0x00002404   Section        0  tasks.o(.text.vTaskInternalSetTimeOutState)
    [Anonymous Symbol]                       0x00002428   Section        0  tasks.o(.text.vTaskMissedYield)
    [Anonymous Symbol]                       0x00002438   Section        0  tasks.o(.text.vTaskPlaceOnEventList)
    [Anonymous Symbol]                       0x0000247c   Section        0  tasks.o(.text.vTaskPriorityDisinheritAfterTimeout)
    [Anonymous Symbol]                       0x00002600   Section        0  tasks.o(.text.vTaskStartScheduler)
    [Anonymous Symbol]                       0x000026a4   Section        0  tasks.o(.text.vTaskStepTick)
    [Anonymous Symbol]                       0x00002770   Section        0  tasks.o(.text.vTaskSuspendAll)
    __tagsym$$used.0                         0x00002780   Number         0  tasks.o(.text.vTaskSwitchContext)
    [Anonymous Symbol]                       0x00002780   Section        0  tasks.o(.text.vTaskSwitchContext)
    [Anonymous Symbol]                       0x00002840   Section        0  main.o(.text.vWindowDownDriver)
    [Anonymous Symbol]                       0x00002984   Section        0  main.o(.text.vWindowUpDriver)
    [Anonymous Symbol]                       0x00002ad8   Section        0  main.o(.text.vlockTask)
    [Anonymous Symbol]                       0x00002b64   Section        0  port.o(.text.xPortStartScheduler)
    [Anonymous Symbol]                       0x00002ce0   Section        0  queue.o(.text.xQueueCreateMutex)
    [Anonymous Symbol]                       0x00002d08   Section        0  queue.o(.text.xQueueGenericCreate)
    [Anonymous Symbol]                       0x00002da4   Section        0  queue.o(.text.xQueueGenericReset)
    [Anonymous Symbol]                       0x00002eac   Section        0  queue.o(.text.xQueueGenericSend)
    [Anonymous Symbol]                       0x00003120   Section        0  queue.o(.text.xQueueGiveFromISR)
    [Anonymous Symbol]                       0x000032a4   Section        0  queue.o(.text.xQueueSemaphoreTake)
    [Anonymous Symbol]                       0x000034b4   Section        0  tasks.o(.text.xTaskCheckForTimeOut)
    [Anonymous Symbol]                       0x000035b0   Section        0  tasks.o(.text.xTaskCreate)
    [Anonymous Symbol]                       0x00003650   Section        0  tasks.o(.text.xTaskGetSchedulerState)
    [Anonymous Symbol]                       0x00003688   Section        0  tasks.o(.text.xTaskIncrementTick)
    [Anonymous Symbol]                       0x000038e8   Section        0  tasks.o(.text.xTaskPriorityDisinherit)
    [Anonymous Symbol]                       0x00003a20   Section        0  tasks.o(.text.xTaskPriorityInherit)
    [Anonymous Symbol]                       0x00003b7c   Section        0  tasks.o(.text.xTaskRemoveFromEventList)
    [Anonymous Symbol]                       0x00003d10   Section        0  tasks.o(.text.xTaskResumeAll)
    i.GPIODirModeSet                         0x00003f32   Section        0  gpio.o(i.GPIODirModeSet)
    i.GPIOIntClear                           0x00003f5a   Section        0  gpio.o(i.GPIOIntClear)
    i.GPIOIntEnable                          0x00003f60   Section        0  gpio.o(i.GPIOIntEnable)
    i.GPIOIntTypeSet                         0x00003f6c   Section        0  gpio.o(i.GPIOIntTypeSet)
    i.GPIOPadConfigSet                       0x00003fbc   Section        0  gpio.o(i.GPIOPadConfigSet)
    i.GPIOPinRead                            0x0000412c   Section        0  gpio.o(i.GPIOPinRead)
    i.GPIOPinTypeGPIOInput                   0x00004132   Section        0  gpio.o(i.GPIOPinTypeGPIOInput)
    i.GPIOPinTypeGPIOOutput                  0x0000414e   Section        0  gpio.o(i.GPIOPinTypeGPIOOutput)
    i.GPIOPinWrite                           0x0000416a   Section        0  gpio.o(i.GPIOPinWrite)
    i.IntEnable                              0x00004170   Section        0  interrupt.o(i.IntEnable)
    i.SysCtlPeripheralEnable                 0x000041d4   Section        0  sysctl.o(i.SysCtlPeripheralEnable)
    i.SysCtlPeripheralReady                  0x000041fc   Section        0  sysctl.o(i.SysCtlPeripheralReady)
    $v0                                      0x00004228   Number         0  fpinit.o(x$fpl$fpinit)
    x$fpl$fpinit                             0x00004228   Section       26  fpinit.o(x$fpl$fpinit)
    g_pui32Priority                          0x00004244   Data          32  interrupt.o(.constdata)
    .constdata                               0x00004244   Section      268  interrupt.o(.constdata)
    g_pui32Regs                              0x00004264   Data         156  interrupt.o(.constdata)
    g_pui32EnRegs                            0x00004300   Data          20  interrupt.o(.constdata)
    g_pui32Dii16Regs                         0x00004314   Data          20  interrupt.o(.constdata)
    g_pui32PendRegs                          0x00004328   Data          20  interrupt.o(.constdata)
    g_pui32UnpendRegs                        0x0000433c   Data          20  interrupt.o(.constdata)
    .L.str.2                                 0x00004350   Data           6  main.o(.rodata.str1.1)
    [Anonymous Symbol]                       0x00004350   Section        0  main.o(.rodata.str1.1)
    .L.str                                   0x00004356   Data           6  main.o(.rodata.str1.1)
    .L.str.1                                 0x0000435c   Data           6  main.o(.rodata.str1.1)
    .L.str.3                                 0x00004362   Data           6  main.o(.rodata.str1.1)
    .L.str.4                                 0x00004368   Data           6  main.o(.rodata.str1.1)
    .L.str                                   0x0000436e   Data           5  tasks.o(.rodata.str1.1)
    [Anonymous Symbol]                       0x0000436e   Section        0  tasks.o(.rodata.str1.1)
    uxCriticalNesting                        0x20000004   Data           4  port.o(.data.uxCriticalNesting)
    [Anonymous Symbol]                       0x20000004   Section        0  port.o(.data.uxCriticalNesting)
    .bss                                     0x20000008   Section       96  libspace.o(.bss)
    pvPortMalloc.pucAlignedHeap              0x2000006c   Data           4  heap_1.o(.bss.pvPortMalloc.pucAlignedHeap)
    [Anonymous Symbol]                       0x2000006c   Section        0  heap_1.o(.bss.pvPortMalloc.pucAlignedHeap)
    __tagsym$$used.1                         0x20000070   Number         0  tasks.o(.bss.pxCurrentTCB)
    pxDelayedTaskList                        0x20000074   Data           4  tasks.o(.bss.pxDelayedTaskList)
    [Anonymous Symbol]                       0x20000074   Section        0  tasks.o(.bss.pxDelayedTaskList)
    pxOverflowDelayedTaskList                0x20000078   Data           4  tasks.o(.bss.pxOverflowDelayedTaskList)
    [Anonymous Symbol]                       0x20000078   Section        0  tasks.o(.bss.pxOverflowDelayedTaskList)
    pxReadyTasksLists                        0x2000007c   Data         140  tasks.o(.bss.pxReadyTasksLists)
    [Anonymous Symbol]                       0x2000007c   Section        0  tasks.o(.bss.pxReadyTasksLists)
    ucHeap                                   0x2000010c   Data       16384  heap_1.o(.bss.ucHeap)
    [Anonymous Symbol]                       0x2000010c   Section        0  heap_1.o(.bss.ucHeap)
    ucMaxSysCallPriority                     0x2000410c   Data           1  port.o(.bss.ucMaxSysCallPriority)
    [Anonymous Symbol]                       0x2000410c   Section        0  port.o(.bss.ucMaxSysCallPriority)
    ulMaxPRIGROUPValue                       0x20004110   Data           4  port.o(.bss.ulMaxPRIGROUPValue)
    [Anonymous Symbol]                       0x20004110   Section        0  port.o(.bss.ulMaxPRIGROUPValue)
    ulStoppedTimerCompensation               0x20004114   Data           4  port.o(.bss.ulStoppedTimerCompensation)
    [Anonymous Symbol]                       0x20004114   Section        0  port.o(.bss.ulStoppedTimerCompensation)
    ulTimerCountsForOneTick                  0x20004118   Data           4  port.o(.bss.ulTimerCountsForOneTick)
    [Anonymous Symbol]                       0x20004118   Section        0  port.o(.bss.ulTimerCountsForOneTick)
    uxCurrentNumberOfTasks                   0x20004120   Data           4  tasks.o(.bss.uxCurrentNumberOfTasks)
    [Anonymous Symbol]                       0x20004120   Section        0  tasks.o(.bss.uxCurrentNumberOfTasks)
    uxDeletedTasksWaitingCleanUp             0x20004124   Data           4  tasks.o(.bss.uxDeletedTasksWaitingCleanUp)
    [Anonymous Symbol]                       0x20004124   Section        0  tasks.o(.bss.uxDeletedTasksWaitingCleanUp)
    uxSchedulerSuspended                     0x20004128   Data           4  tasks.o(.bss.uxSchedulerSuspended)
    [Anonymous Symbol]                       0x20004128   Section        0  tasks.o(.bss.uxSchedulerSuspended)
    uxTaskNumber                             0x2000412c   Data           4  tasks.o(.bss.uxTaskNumber)
    [Anonymous Symbol]                       0x2000412c   Section        0  tasks.o(.bss.uxTaskNumber)
    uxTopReadyPriority                       0x20004130   Data           4  tasks.o(.bss.uxTopReadyPriority)
    [Anonymous Symbol]                       0x20004130   Section        0  tasks.o(.bss.uxTopReadyPriority)
    xDelayedTaskList1                        0x20004140   Data          20  tasks.o(.bss.xDelayedTaskList1)
    [Anonymous Symbol]                       0x20004140   Section        0  tasks.o(.bss.xDelayedTaskList1)
    xDelayedTaskList2                        0x20004154   Data          20  tasks.o(.bss.xDelayedTaskList2)
    [Anonymous Symbol]                       0x20004154   Section        0  tasks.o(.bss.xDelayedTaskList2)
    xIdleTaskHandle                          0x20004168   Data           4  tasks.o(.bss.xIdleTaskHandle)
    [Anonymous Symbol]                       0x20004168   Section        0  tasks.o(.bss.xIdleTaskHandle)
    xMaximumPossibleSuppressedTicks          0x20004174   Data           4  port.o(.bss.xMaximumPossibleSuppressedTicks)
    [Anonymous Symbol]                       0x20004174   Section        0  port.o(.bss.xMaximumPossibleSuppressedTicks)
    xNextFreeByte                            0x2000417c   Data           4  heap_1.o(.bss.xNextFreeByte)
    [Anonymous Symbol]                       0x2000417c   Section        0  heap_1.o(.bss.xNextFreeByte)
    xNextTaskUnblockTime                     0x20004180   Data           4  tasks.o(.bss.xNextTaskUnblockTime)
    [Anonymous Symbol]                       0x20004180   Section        0  tasks.o(.bss.xNextTaskUnblockTime)
    xNumOfOverflows                          0x20004184   Data           4  tasks.o(.bss.xNumOfOverflows)
    [Anonymous Symbol]                       0x20004184   Section        0  tasks.o(.bss.xNumOfOverflows)
    xPendedTicks                             0x20004188   Data           4  tasks.o(.bss.xPendedTicks)
    [Anonymous Symbol]                       0x20004188   Section        0  tasks.o(.bss.xPendedTicks)
    xPendingReadyList                        0x2000418c   Data          20  tasks.o(.bss.xPendingReadyList)
    [Anonymous Symbol]                       0x2000418c   Section        0  tasks.o(.bss.xPendingReadyList)
    xSchedulerRunning                        0x200041a0   Data           4  tasks.o(.bss.xSchedulerRunning)
    [Anonymous Symbol]                       0x200041a0   Section        0  tasks.o(.bss.xSchedulerRunning)
    xSuspendedTaskList                       0x200041a4   Data          20  tasks.o(.bss.xSuspendedTaskList)
    [Anonymous Symbol]                       0x200041a4   Section        0  tasks.o(.bss.xSuspendedTaskList)
    xTasksWaitingTermination                 0x200041c0   Data          20  tasks.o(.bss.xTasksWaitingTermination)
    [Anonymous Symbol]                       0x200041c0   Section        0  tasks.o(.bss.xTasksWaitingTermination)
    xTickCount                               0x200041d4   Data           4  tasks.o(.bss.xTickCount)
    [Anonymous Symbol]                       0x200041d4   Section        0  tasks.o(.bss.xTickCount)
    xYieldPending                            0x200041d8   Data           4  tasks.o(.bss.xYieldPending)
    [Anonymous Symbol]                       0x200041d8   Section        0  tasks.o(.bss.xYieldPending)
    Heap_Mem                                 0x200041e0   Data           0  startup_tm4c123.o(HEAP)
    Stack_Mem                                0x200041e0   Data         512  startup_tm4c123.o(STACK)
    HEAP                                     0x200041e0   Section        0  startup_tm4c123.o(HEAP)
    STACK                                    0x200041e0   Section      512  startup_tm4c123.o(STACK)
    __initial_sp                             0x200043e0   Data           0  startup_tm4c123.o(STACK)

    Global Symbols

    Symbol Name                              Value     Ov Type        Size  Object(Section)

    BuildAttributes$$THM_ISAv4$E$P$D$K$B$S$7EM$VFPi3$EXTD16$VFPS$VFMA$PE$A:L22UL41UL21$X:L11$S22US41US21$IEEE1$IW$~IW$USESV6$~STKCKD$USESV7$~SHL$OTIME$ROPI$EBA8$UX$STANDARDLIB$REQ8$PRES8$EABIv2 0x00000000   Number         0  anon$$obj.o ABSOLUTE
    __Vectors                                0x00000000   Data           4  startup_tm4c123.o(RESET)
    __ARM_exceptions_init                     - Undefined Weak Reference
    __alloca_initialize                       - Undefined Weak Reference
    __arm_preinit_                            - Undefined Weak Reference
    __arm_relocate_pie_                       - Undefined Weak Reference
    __cpp_initialize__aeabi_                  - Undefined Weak Reference
    __cxa_finalize                            - Undefined Weak Reference
    __rt_locale                               - Undefined Weak Reference
    __sigvec_lookup                           - Undefined Weak Reference
    _atexit_init                              - Undefined Weak Reference
    _call_atexit_fns                          - Undefined Weak Reference
    _clock_init                               - Undefined Weak Reference
    _fp_trap_init                             - Undefined Weak Reference
    _fp_trap_shutdown                         - Undefined Weak Reference
    _get_lc_collate                           - Undefined Weak Reference
    _get_lc_ctype                             - Undefined Weak Reference
    _get_lc_monetary                          - Undefined Weak Reference
    _get_lc_numeric                           - Undefined Weak Reference
    _get_lc_time                              - Undefined Weak Reference
    _getenv_init                              - Undefined Weak Reference
    _handle_redirection                       - Undefined Weak Reference
    _init_alloc                               - Undefined Weak Reference
    _init_user_alloc                          - Undefined Weak Reference
    _initio                                   - Undefined Weak Reference
    _rand_init                                - Undefined Weak Reference
    _signal_finish                            - Undefined Weak Reference
    _signal_init                              - Undefined Weak Reference
    _terminate_alloc                          - Undefined Weak Reference
    _terminate_user_alloc                     - Undefined Weak Reference
    _terminateio                              - Undefined Weak Reference
    __Vectors_End                            0x0000026c   Data           0  startup_tm4c123.o(RESET)
    __Vectors_Size                           0x0000026c   Number         0  startup_tm4c123.o ABSOLUTE
    __main                                   0x0000026d   Thumb Code     8  __main.o(!!!main)
    __scatterload                            0x00000275   Thumb Code     0  __scatter.o(!!!scatter)
    __scatterload_rt2                        0x00000275   Thumb Code    44  __scatter.o(!!!scatter)
    __scatterload_rt2_thumb_only             0x00000275   Thumb Code     0  __scatter.o(!!!scatter)
    __scatterload_null                       0x00000283   Thumb Code     0  __scatter.o(!!!scatter)
    __scatterload_copy                       0x000002a9   Thumb Code    26  __scatter_copy.o(!!handler_copy)
    __scatterload_zeroinit                   0x000002c5   Thumb Code    28  __scatter_zi.o(!!handler_zi)
    __rt_lib_init                            0x000002e1   Thumb Code     0  libinit.o(.ARM.Collect$$libinit$$00000000)
    __rt_lib_init_fp_1                       0x000002e3   Thumb Code     0  libinit2.o(.ARM.Collect$$libinit$$00000001)
    __rt_lib_init_alloca_1                   0x000002e7   Thumb Code     0  libinit2.o(.ARM.Collect$$libinit$$00000030)
    __rt_lib_init_argv_1                     0x000002e7   Thumb Code     0  libinit2.o(.ARM.Collect$$libinit$$0000002E)
    __rt_lib_init_atexit_1                   0x000002e7   Thumb Code     0  libinit2.o(.ARM.Collect$$libinit$$0000001D)
    __rt_lib_init_clock_1                    0x000002e7   Thumb Code     0  libinit2.o(.ARM.Collect$$libinit$$00000023)
    __rt_lib_init_cpp_1                      0x000002e7   Thumb Code     0  libinit2.o(.ARM.Collect$$libinit$$00000034)
    __rt_lib_init_exceptions_1               0x000002e7   Thumb Code     0  libinit2.o(.ARM.Collect$$libinit$$00000032)
    __rt_lib_init_fp_trap_1                  0x000002e7   Thumb Code     0  libinit2.o(.ARM.Collect$$libinit$$00000021)
    __rt_lib_init_getenv_1                   0x000002e7   Thumb Code     0  libinit2.o(.ARM.Collect$$libinit$$00000025)
    __rt_lib_init_heap_1                     0x000002e7   Thumb Code     0  libinit2.o(.ARM.Collect$$libinit$$0000000C)
    __rt_lib_init_lc_collate_1               0x000002e7   Thumb Code     0  libinit2.o(.ARM.Collect$$libinit$$00000013)
    __rt_lib_init_lc_ctype_1                 0x000002e7   Thumb Code     0  libinit2.o(.ARM.Collect$$libinit$$00000015)
    __rt_lib_init_lc_monetary_1              0x000002e7   Thumb Code     0  libinit2.o(.ARM.Collect$$libinit$$00000017)
    __rt_lib_init_lc_numeric_1               0x000002e7   Thumb Code     0  libinit2.o(.ARM.Collect$$libinit$$00000019)
    __rt_lib_init_lc_time_1                  0x000002e7   Thumb Code     0  libinit2.o(.ARM.Collect$$libinit$$0000001B)
    __rt_lib_init_preinit_1                  0x000002e7   Thumb Code     0  libinit2.o(.ARM.Collect$$libinit$$00000006)
    __rt_lib_init_rand_1                     0x000002e7   Thumb Code     0  libinit2.o(.ARM.Collect$$libinit$$00000010)
    __rt_lib_init_relocate_pie_1             0x000002e7   Thumb Code     0  libinit2.o(.ARM.Collect$$libinit$$00000004)
    __rt_lib_init_return                     0x000002e7   Thumb Code     0  libinit2.o(.ARM.Collect$$libinit$$00000035)
    __rt_lib_init_signal_1                   0x000002e7   Thumb Code     0  libinit2.o(.ARM.Collect$$libinit$$0000001F)
    __rt_lib_init_stdio_1                    0x000002e7   Thumb Code     0  libinit2.o(.ARM.Collect$$libinit$$00000027)
    __rt_lib_init_user_alloc_1               0x000002e7   Thumb Code     0  libinit2.o(.ARM.Collect$$libinit$$0000000E)
    __rt_lib_shutdown                        0x000002e9   Thumb Code     0  libshutdown.o(.ARM.Collect$$libshutdown$$00000000)
    __rt_lib_shutdown_cpp_1                  0x000002eb   Thumb Code     0  libshutdown2.o(.ARM.Collect$$libshutdown$$00000002)
    __rt_lib_shutdown_fp_trap_1              0x000002eb   Thumb Code     0  libshutdown2.o(.ARM.Collect$$libshutdown$$00000007)
    __rt_lib_shutdown_heap_1                 0x000002eb   Thumb Code     0  libshutdown2.o(.ARM.Collect$$libshutdown$$0000000F)
    __rt_lib_shutdown_return                 0x000002eb   Thumb Code     0  libshutdown2.o(.ARM.Collect$$libshutdown$$00000010)
    __rt_lib_shutdown_signal_1               0x000002eb   Thumb Code     0  libshutdown2.o(.ARM.Collect$$libshutdown$$0000000A)
    __rt_lib_shutdown_stdio_1                0x000002eb   Thumb Code     0  libshutdown2.o(.ARM.Collect$$libshutdown$$00000004)
    __rt_lib_shutdown_user_alloc_1           0x000002eb   Thumb Code     0  libshutdown2.o(.ARM.Collect$$libshutdown$$0000000C)
    __rt_entry                               0x000002ed   Thumb Code     0  __rtentry.o(.ARM.Collect$$rtentry$$00000000)
    __rt_entry_presh_1                       0x000002ed   Thumb Code     0  __rtentry2.o(.ARM.Collect$$rtentry$$00000002)
    __rt_entry_sh                            0x000002ed   Thumb Code     0  __rtentry4.o(.ARM.Collect$$rtentry$$00000004)
    __rt_entry_li                            0x000002f3   Thumb Code     0  __rtentry2.o(.ARM.Collect$$rtentry$$0000000A)
    __rt_entry_postsh_1                      0x000002f3   Thumb Code     0  __rtentry2.o(.ARM.Collect$$rtentry$$00000009)
    __rt_entry_main                          0x000002f7   Thumb Code     0  __rtentry2.o(.ARM.Collect$$rtentry$$0000000D)
    __rt_entry_postli_1                      0x000002f7   Thumb Code     0  __rtentry2.o(.ARM.Collect$$rtentry$$0000000C)
    __rt_exit                                0x000002ff   Thumb Code     0  rtexit.o(.ARM.Collect$$rtexit$$00000000)
    __rt_exit_ls                             0x00000301   Thumb Code     0  rtexit2.o(.ARM.Collect$$rtexit$$00000003)
    __rt_exit_prels_1                        0x00000301   Thumb Code     0  rtexit2.o(.ARM.Collect$$rtexit$$00000002)
    __rt_exit_exit                           0x00000305   Thumb Code     0  rtexit2.o(.ARM.Collect$$rtexit$$00000004)
    Reset_Handler                            0x0000030d   Thumb Code     8  startup_tm4c123.o(.text)
    NMI_Handler                              0x00000315   Thumb Code     2  startup_tm4c123.o(.text)
    HardFault_Handler                        0x00000317   Thumb Code     2  startup_tm4c123.o(.text)
    MemManage_Handler                        0x00000319   Thumb Code     2  startup_tm4c123.o(.text)
    BusFault_Handler                         0x0000031b   Thumb Code     2  startup_tm4c123.o(.text)
    UsageFault_Handler                       0x0000031d   Thumb Code     2  startup_tm4c123.o(.text)
    DebugMon_Handler                         0x00000321   Thumb Code     2  startup_tm4c123.o(.text)
    GPIOA_Handler                            0x00000327   Thumb Code     2  startup_tm4c123.o(.text)
    GPIOB_Handler                            0x00000329   Thumb Code     2  startup_tm4c123.o(.text)
    GPIOC_Handler                            0x0000032b   Thumb Code     2  startup_tm4c123.o(.text)
    UART0_Handler                            0x00000331   Thumb Code     2  startup_tm4c123.o(.text)
    UART1_Handler                            0x00000333   Thumb Code     2  startup_tm4c123.o(.text)
    SSI0_Handler                             0x00000335   Thumb Code     2  startup_tm4c123.o(.text)
    I2C0_Handler                             0x00000337   Thumb Code     2  startup_tm4c123.o(.text)
    PMW0_FAULT_Handler                       0x00000339   Thumb Code     2  startup_tm4c123.o(.text)
    PWM0_0_Handler                           0x0000033b   Thumb Code     2  startup_tm4c123.o(.text)
    PWM0_1_Handler                           0x0000033d   Thumb Code     2  startup_tm4c123.o(.text)
    PWM0_2_Handler                           0x0000033f   Thumb Code     2  startup_tm4c123.o(.text)
    QEI0_Handler                             0x00000341   Thumb Code     2  startup_tm4c123.o(.text)
    ADC0SS0_Handler                          0x00000343   Thumb Code     2  startup_tm4c123.o(.text)
    ADC0SS1_Handler                          0x00000345   Thumb Code     2  startup_tm4c123.o(.text)
    ADC0SS2_Handler                          0x00000347   Thumb Code     2  startup_tm4c123.o(.text)
    ADC0SS3_Handler                          0x00000349   Thumb Code     2  startup_tm4c123.o(.text)
    WDT0_Handler                             0x0000034b   Thumb Code     2  startup_tm4c123.o(.text)
    TIMER0A_Handler                          0x0000034d   Thumb Code     2  startup_tm4c123.o(.text)
    TIMER0B_Handler                          0x0000034f   Thumb Code     2  startup_tm4c123.o(.text)
    TIMER1A_Handler                          0x00000351   Thumb Code     2  startup_tm4c123.o(.text)
    TIMER1B_Handler                          0x00000353   Thumb Code     2  startup_tm4c123.o(.text)
    TIMER2A_Handler                          0x00000355   Thumb Code     2  startup_tm4c123.o(.text)
    TIMER2B_Handler                          0x00000357   Thumb Code     2  startup_tm4c123.o(.text)
    COMP0_Handler                            0x00000359   Thumb Code     2  startup_tm4c123.o(.text)
    COMP1_Handler                            0x0000035b   Thumb Code     2  startup_tm4c123.o(.text)
    COMP2_Handler                            0x0000035d   Thumb Code     2  startup_tm4c123.o(.text)
    SYSCTL_Handler                           0x0000035f   Thumb Code     2  startup_tm4c123.o(.text)
    FLASH_Handler                            0x00000361   Thumb Code     2  startup_tm4c123.o(.text)
    GPIOF_Handler                            0x00000363   Thumb Code     2  startup_tm4c123.o(.text)
    GPIOG_Handler                            0x00000365   Thumb Code     2  startup_tm4c123.o(.text)
    GPIOH_Handler                            0x00000367   Thumb Code     2  startup_tm4c123.o(.text)
    UART2_Handler                            0x00000369   Thumb Code     2  startup_tm4c123.o(.text)
    SSI1_Handler                             0x0000036b   Thumb Code     2  startup_tm4c123.o(.text)
    TIMER3A_Handler                          0x0000036d   Thumb Code     2  startup_tm4c123.o(.text)
    TIMER3B_Handler                          0x0000036f   Thumb Code     2  startup_tm4c123.o(.text)
    I2C1_Handler                             0x00000371   Thumb Code     2  startup_tm4c123.o(.text)
    QEI1_Handler                             0x00000373   Thumb Code     2  startup_tm4c123.o(.text)
    CAN0_Handler                             0x00000375   Thumb Code     2  startup_tm4c123.o(.text)
    CAN1_Handler                             0x00000377   Thumb Code     2  startup_tm4c123.o(.text)
    CAN2_Handler                             0x00000379   Thumb Code     2  startup_tm4c123.o(.text)
    HIB_Handler                              0x0000037b   Thumb Code     2  startup_tm4c123.o(.text)
    USB0_Handler                             0x0000037d   Thumb Code     2  startup_tm4c123.o(.text)
    PWM0_3_Handler                           0x0000037f   Thumb Code     2  startup_tm4c123.o(.text)
    UDMA_Handler                             0x00000381   Thumb Code     2  startup_tm4c123.o(.text)
    UDMAERR_Handler                          0x00000383   Thumb Code     2  startup_tm4c123.o(.text)
    ADC1SS0_Handler                          0x00000385   Thumb Code     2  startup_tm4c123.o(.text)
    ADC1SS1_Handler                          0x00000387   Thumb Code     2  startup_tm4c123.o(.text)
    ADC1SS2_Handler                          0x00000389   Thumb Code     2  startup_tm4c123.o(.text)
    ADC1SS3_Handler                          0x0000038b   Thumb Code     2  startup_tm4c123.o(.text)
    GPIOJ_Handler                            0x0000038d   Thumb Code     2  startup_tm4c123.o(.text)
    GPIOK_Handler                            0x0000038f   Thumb Code     2  startup_tm4c123.o(.text)
    GPIOL_Handler                            0x00000391   Thumb Code     2  startup_tm4c123.o(.text)
    SSI2_Handler                             0x00000393   Thumb Code     2  startup_tm4c123.o(.text)
    SSI3_Handler                             0x00000395   Thumb Code     2  startup_tm4c123.o(.text)
    UART3_Handler                            0x00000397   Thumb Code     2  startup_tm4c123.o(.text)
    UART4_Handler                            0x00000399   Thumb Code     2  startup_tm4c123.o(.text)
    UART5_Handler                            0x0000039b   Thumb Code     2  startup_tm4c123.o(.text)
    UART6_Handler                            0x0000039d   Thumb Code     2  startup_tm4c123.o(.text)
    UART7_Handler                            0x0000039f   Thumb Code     2  startup_tm4c123.o(.text)
    I2C2_Handler                             0x000003a1   Thumb Code     2  startup_tm4c123.o(.text)
    I2C3_Handler                             0x000003a3   Thumb Code     2  startup_tm4c123.o(.text)
    TIMER4A_Handler                          0x000003a5   Thumb Code     2  startup_tm4c123.o(.text)
    TIMER4B_Handler                          0x000003a7   Thumb Code     2  startup_tm4c123.o(.text)
    TIMER5A_Handler                          0x000003a9   Thumb Code     2  startup_tm4c123.o(.text)
    TIMER5B_Handler                          0x000003ab   Thumb Code     2  startup_tm4c123.o(.text)
    WTIMER0A_Handler                         0x000003ad   Thumb Code     2  startup_tm4c123.o(.text)
    WTIMER0B_Handler                         0x000003af   Thumb Code     2  startup_tm4c123.o(.text)
    WTIMER1A_Handler                         0x000003b1   Thumb Code     2  startup_tm4c123.o(.text)
    WTIMER1B_Handler                         0x000003b3   Thumb Code     2  startup_tm4c123.o(.text)
    WTIMER2A_Handler                         0x000003b5   Thumb Code     2  startup_tm4c123.o(.text)
    WTIMER2B_Handler                         0x000003b7   Thumb Code     2  startup_tm4c123.o(.text)
    WTIMER3A_Handler                         0x000003b9   Thumb Code     2  startup_tm4c123.o(.text)
    WTIMER3B_Handler                         0x000003bb   Thumb Code     2  startup_tm4c123.o(.text)
    WTIMER4A_Handler                         0x000003bd   Thumb Code     2  startup_tm4c123.o(.text)
    WTIMER4B_Handler                         0x000003bf   Thumb Code     2  startup_tm4c123.o(.text)
    WTIMER5A_Handler                         0x000003c1   Thumb Code     2  startup_tm4c123.o(.text)
    WTIMER5B_Handler                         0x000003c3   Thumb Code     2  startup_tm4c123.o(.text)
    FPU_Handler                              0x000003c5   Thumb Code     2  startup_tm4c123.o(.text)
    I2C4_Handler                             0x000003c7   Thumb Code     2  startup_tm4c123.o(.text)
    I2C5_Handler                             0x000003c9   Thumb Code     2  startup_tm4c123.o(.text)
    GPIOM_Handler                            0x000003cb   Thumb Code     2  startup_tm4c123.o(.text)
    GPION_Handler                            0x000003cd   Thumb Code     2  startup_tm4c123.o(.text)
    QEI2_Handler                             0x000003cf   Thumb Code     2  startup_tm4c123.o(.text)
    GPIOP0_Handler                           0x000003d1   Thumb Code     2  startup_tm4c123.o(.text)
    GPIOP1_Handler                           0x000003d3   Thumb Code     2  startup_tm4c123.o(.text)
    GPIOP2_Handler                           0x000003d5   Thumb Code     2  startup_tm4c123.o(.text)
    GPIOP3_Handler                           0x000003d7   Thumb Code     2  startup_tm4c123.o(.text)
    GPIOP4_Handler                           0x000003d9   Thumb Code     2  startup_tm4c123.o(.text)
    GPIOP5_Handler                           0x000003db   Thumb Code     2  startup_tm4c123.o(.text)
    GPIOP6_Handler                           0x000003dd   Thumb Code     2  startup_tm4c123.o(.text)
    GPIOP7_Handler                           0x000003df   Thumb Code     2  startup_tm4c123.o(.text)
    GPIOQ0_Handler                           0x000003e1   Thumb Code     2  startup_tm4c123.o(.text)
    GPIOQ1_Handler                           0x000003e3   Thumb Code     2  startup_tm4c123.o(.text)
    GPIOQ2_Handler                           0x000003e5   Thumb Code     2  startup_tm4c123.o(.text)
    GPIOQ3_Handler                           0x000003e7   Thumb Code     2  startup_tm4c123.o(.text)
    GPIOQ4_Handler                           0x000003e9   Thumb Code     2  startup_tm4c123.o(.text)
    GPIOQ5_Handler                           0x000003eb   Thumb Code     2  startup_tm4c123.o(.text)
    GPIOQ6_Handler                           0x000003ed   Thumb Code     2  startup_tm4c123.o(.text)
    GPIOQ7_Handler                           0x000003ef   Thumb Code     2  startup_tm4c123.o(.text)
    GPIOR_Handler                            0x000003f1   Thumb Code     2  startup_tm4c123.o(.text)
    GPIOS_Handler                            0x000003f3   Thumb Code     2  startup_tm4c123.o(.text)
    PMW1_0_Handler                           0x000003f5   Thumb Code     2  startup_tm4c123.o(.text)
    PWM1_1_Handler                           0x000003f7   Thumb Code     2  startup_tm4c123.o(.text)
    PWM1_2_Handler                           0x000003f9   Thumb Code     2  startup_tm4c123.o(.text)
    PWM1_3_Handler                           0x000003fb   Thumb Code     2  startup_tm4c123.o(.text)
    PWM1_FAULT_Handler                       0x000003fd   Thumb Code     2  startup_tm4c123.o(.text)
    __user_initial_stackheap                 0x00000401   Thumb Code     0  startup_tm4c123.o(.text)
    __aeabi_memcpy                           0x00000421   Thumb Code     0  rt_memcpy_v6.o(.text)
    __rt_memcpy                              0x00000421   Thumb Code   138  rt_memcpy_v6.o(.text)
    _memcpy_lastbytes                        0x00000487   Thumb Code     0  rt_memcpy_v6.o(.text)
    __aeabi_memset4                          0x000004ab   Thumb Code    16  aeabi_memset4.o(.text)
    __aeabi_memset8                          0x000004ab   Thumb Code     0  aeabi_memset4.o(.text)
    __aeabi_memclr                           0x000004bb   Thumb Code     0  rt_memclr.o(.text)
    __rt_memclr                              0x000004bb   Thumb Code     0  rt_memclr.o(.text)
    _memset                                  0x000004bf   Thumb Code    64  rt_memclr.o(.text)
    __use_two_region_memory                  0x000004ff   Thumb Code     2  heapauxi.o(.text)
    __rt_heap_escrow$2region                 0x00000501   Thumb Code     2  heapauxi.o(.text)
    __rt_heap_expand$2region                 0x00000503   Thumb Code     2  heapauxi.o(.text)
    __aeabi_memcpy4                          0x00000505   Thumb Code     0  rt_memcpy_w.o(.text)
    __aeabi_memcpy8                          0x00000505   Thumb Code     0  rt_memcpy_w.o(.text)
    __rt_memcpy_w                            0x00000505   Thumb Code   100  rt_memcpy_w.o(.text)
    _memcpy_lastbytes_aligned                0x0000054d   Thumb Code     0  rt_memcpy_w.o(.text)
    __aeabi_memclr4                          0x00000569   Thumb Code     0  rt_memclr_w.o(.text)
    __aeabi_memclr8                          0x00000569   Thumb Code     0  rt_memclr_w.o(.text)
    __rt_memclr_w                            0x00000569   Thumb Code     0  rt_memclr_w.o(.text)
    _memset_w                                0x0000056d   Thumb Code    74  rt_memclr_w.o(.text)
    __user_setup_stackheap                   0x000005b7   Thumb Code    74  sys_stackheap_outer.o(.text)
    exit                                     0x00000601   Thumb Code    18  exit.o(.text)
    __user_libspace                          0x00000615   Thumb Code     8  libspace.o(.text)
    __user_perproc_libspace                  0x00000615   Thumb Code     0  libspace.o(.text)
    __user_perthread_libspace                0x00000615   Thumb Code     0  libspace.o(.text)
    _sys_exit                                0x0000061d   Thumb Code     8  sys_exit.o(.text)
    __I$use$semihosting                      0x00000629   Thumb Code     0  use_no_semi.o(.text)
    __use_no_semihosting_swi                 0x00000629   Thumb Code     2  use_no_semi.o(.text)
    __semihosting_library_function           0x0000062b   Thumb Code     0  indicate_semi.o(.text)
    Delay_ms                                 0x0000062d   Thumb Code    62  main.o(.text.Delay_ms)
    GPIOD_Handler                            0x0000066d   Thumb Code    76  main.o(.text.GPIOD_Handler)
    GPIOE_Handler                            0x000006b9   Thumb Code   586  main.o(.text.GPIOE_Handler)
    L298N_Init                               0x00000905   Thumb Code    44  motor.o(.text.L298N_Init)
    L298N_MoveBackward                       0x00000931   Thumb Code    32  motor.o(.text.L298N_MoveBackward)
    L298N_MoveForward                        0x00000951   Thumb Code    32  motor.o(.text.L298N_MoveForward)
    L298N_Stop                               0x00000971   Thumb Code    16  motor.o(.text.L298N_Stop)
    PendSV_Handler                           0x00000981   Thumb Code   100  port.o(.text.PendSV_Handler)
    PushButton_Init                          0x000009e5   Thumb Code   220  buttons.o(.text.PushButton_Init)
    SVC_Handler                              0x00000ac1   Thumb Code    36  port.o(.text.SVC_Handler)
    Semph_Init                               0x00000ae5   Thumb Code   254  semph.o(.text.Semph_Init)
    SysTick_Handler                          0x00000be5   Thumb Code    60  port.o(.text.SysTick_Handler)
    SystemInit                               0x00000c21   Thumb Code   268  system_tm4c123.o(.text.SystemInit)
    eTaskConfirmSleepModeStatus              0x00000d71   Thumb Code   128  tasks.o(.text.eTaskConfirmSleepModeStatus)
    lock_init                                0x00000df1   Thumb Code   158  buttons.o(.text.lock_init)
    main                                     0x00000e91   Thumb Code   364  main.o(.text.main)
    on_off_init                              0x00000ffd   Thumb Code    94  buttons.o(.text.on_off_init)
    pvPortMalloc                             0x00001a49   Thumb Code   192  heap_1.o(.text.pvPortMalloc)
    pvTaskIncrementMutexHeldCount            0x00001b09   Thumb Code    44  tasks.o(.text.pvTaskIncrementMutexHeldCount)
    pxPortInitialiseStack                    0x00001b35   Thumb Code    94  port.o(.text.pxPortInitialiseStack)
    uxListRemove                             0x00001b95   Thumb Code    72  list.o(.text.uxListRemove)
    uxTaskGetNumberOfTasks                   0x00001bdd   Thumb Code    12  tasks.o(.text.uxTaskGetNumberOfTasks)
    vApplicationIdleHook                     0x00001be9   Thumb Code    80  main.o(.text.vApplicationIdleHook)
    vAutoDownDriver                          0x00001c39   Thumb Code   380  main.o(.text.vAutoDownDriver)
    vAutoUpDriver                            0x00001db5   Thumb Code   428  main.o(.text.vAutoUpDriver)
    vListInitialise                          0x00001f61   Thumb Code    46  list.o(.text.vListInitialise)
    vListInitialiseItem                      0x00001f91   Thumb Code    14  list.o(.text.vListInitialiseItem)
    vListInsert                              0x00001fa1   Thumb Code   106  list.o(.text.vListInsert)
    vPortEnterCritical                       0x00002021   Thumb Code    86  port.o(.text.vPortEnterCritical)
    vPortExitCritical                        0x00002079   Thumb Code    74  port.o(.text.vPortExitCritical)
    vPortFree                                0x000020c5   Thumb Code    36  heap_1.o(.text.vPortFree)
    vPortSetupTimerInterrupt                 0x000020e9   Thumb Code   120  port.o(.text.vPortSetupTimerInterrupt)
    vPortSuppressTicksAndSleep               0x00002161   Thumb Code   544  port.o(.text.vPortSuppressTicksAndSleep)
    vPortValidateInterruptPriority           0x00002381   Thumb Code   132  port.o(.text.vPortValidateInterruptPriority)
    vTaskInternalSetTimeOutState             0x00002405   Thumb Code    36  tasks.o(.text.vTaskInternalSetTimeOutState)
    vTaskMissedYield                         0x00002429   Thumb Code    14  tasks.o(.text.vTaskMissedYield)
    vTaskPlaceOnEventList                    0x00002439   Thumb Code    66  tasks.o(.text.vTaskPlaceOnEventList)
    vTaskPriorityDisinheritAfterTimeout      0x0000247d   Thumb Code   386  tasks.o(.text.vTaskPriorityDisinheritAfterTimeout)
    vTaskStartScheduler                      0x00002601   Thumb Code   162  tasks.o(.text.vTaskStartScheduler)
    vTaskStepTick                            0x000026a5   Thumb Code   204  tasks.o(.text.vTaskStepTick)
    vTaskSuspendAll                          0x00002771   Thumb Code    16  tasks.o(.text.vTaskSuspendAll)
    vTaskSwitchContext                       0x00002781   Thumb Code   190  tasks.o(.text.vTaskSwitchContext)
    vWindowDownDriver                        0x00002841   Thumb Code   322  main.o(.text.vWindowDownDriver)
    vWindowUpDriver                          0x00002985   Thumb Code   338  main.o(.text.vWindowUpDriver)
    vlockTask                                0x00002ad9   Thumb Code   138  main.o(.text.vlockTask)
    xPortStartScheduler                      0x00002b65   Thumb Code   380  port.o(.text.xPortStartScheduler)
    xQueueCreateMutex                        0x00002ce1   Thumb Code    38  queue.o(.text.xQueueCreateMutex)
    xQueueGenericCreate                      0x00002d09   Thumb Code   154  queue.o(.text.xQueueGenericCreate)
    xQueueGenericReset                       0x00002da5   Thumb Code   264  queue.o(.text.xQueueGenericReset)
    xQueueGenericSend                        0x00002ead   Thumb Code   628  queue.o(.text.xQueueGenericSend)
    xQueueGiveFromISR                        0x00003121   Thumb Code   386  queue.o(.text.xQueueGiveFromISR)
    xQueueSemaphoreTake                      0x000032a5   Thumb Code   528  queue.o(.text.xQueueSemaphoreTake)
    xTaskCheckForTimeOut                     0x000034b5   Thumb Code   252  tasks.o(.text.xTaskCheckForTimeOut)
    xTaskCreate                              0x000035b1   Thumb Code   160  tasks.o(.text.xTaskCreate)
    xTaskGetSchedulerState                   0x00003651   Thumb Code    56  tasks.o(.text.xTaskGetSchedulerState)
    xTaskIncrementTick                       0x00003689   Thumb Code   608  tasks.o(.text.xTaskIncrementTick)
    xTaskPriorityDisinherit                  0x000038e9   Thumb Code   312  tasks.o(.text.xTaskPriorityDisinherit)
    xTaskPriorityInherit                     0x00003a21   Thumb Code   348  tasks.o(.text.xTaskPriorityInherit)
    xTaskRemoveFromEventList                 0x00003b7d   Thumb Code   402  tasks.o(.text.xTaskRemoveFromEventList)
    xTaskResumeAll                           0x00003d11   Thumb Code   546  tasks.o(.text.xTaskResumeAll)
    GPIODirModeSet                           0x00003f33   Thumb Code    40  gpio.o(i.GPIODirModeSet)
    GPIOIntClear                             0x00003f5b   Thumb Code     6  gpio.o(i.GPIOIntClear)
    GPIOIntEnable                            0x00003f61   Thumb Code    12  gpio.o(i.GPIOIntEnable)
    GPIOIntTypeSet                           0x00003f6d   Thumb Code    80  gpio.o(i.GPIOIntTypeSet)
    GPIOPadConfigSet                         0x00003fbd   Thumb Code   354  gpio.o(i.GPIOPadConfigSet)
    GPIOPinRead                              0x0000412d   Thumb Code     6  gpio.o(i.GPIOPinRead)
    GPIOPinTypeGPIOInput                     0x00004133   Thumb Code    28  gpio.o(i.GPIOPinTypeGPIOInput)
    GPIOPinTypeGPIOOutput                    0x0000414f   Thumb Code    28  gpio.o(i.GPIOPinTypeGPIOOutput)
    GPIOPinWrite                             0x0000416b   Thumb Code     6  gpio.o(i.GPIOPinWrite)
    IntEnable                                0x00004171   Thumb Code    92  interrupt.o(i.IntEnable)
    SysCtlPeripheralEnable                   0x000041d5   Thumb Code    36  sysctl.o(i.SysCtlPeripheralEnable)
    SysCtlPeripheralReady                    0x000041fd   Thumb Code    40  sysctl.o(i.SysCtlPeripheralReady)
    _fp_init                                 0x00004229   Thumb Code    26  fpinit.o(x$fpl$fpinit)
    __fplib_config_fpu_vfp                   0x00004241   Thumb Code     0  fpinit.o(x$fpl$fpinit)
    __fplib_config_pureend_doubles           0x00004241   Thumb Code     0  fpinit.o(x$fpl$fpinit)
    uxTopUsedPriority                        0x00004374   Data           4  tasks.o(.rodata.uxTopUsedPriority)
    Region$$Table$$Base                      0x00004378   Number         0  anon$$obj.o(Region$$Table)
    Region$$Table$$Limit                     0x00004398   Number         0  anon$$obj.o(Region$$Table)
    SystemCoreClock                          0x20000000   Data           4  system_tm4c123.o(.data.SystemCoreClock)
    __libspace_start                         0x20000008   Data          96  libspace.o(.bss)
    __temporary_stack_top$libspace           0x20000068   Data           0  libspace.o(.bss)
    down                                     0x20000068   Data           1  main.o(.bss.down)
    downBefore                               0x20000069   Data           1  main.o(.bss.downBefore)
    fromDriver                               0x2000006a   Data           1  main.o(.bss.fromDriver)
    locked                                   0x2000006b   Data           1  main.o(.bss.locked)
    pxCurrentTCB                             0x20000070   Data           4  tasks.o(.bss.pxCurrentTCB)
    uCountingQueue                           0x20000108   Data           4  main.o(.bss.uCountingQueue)
    up                                       0x2000411c   Data           1  main.o(.bss.up)
    upBefore                                 0x2000411d   Data           1  main.o(.bss.upBefore)
    xAutoDownSemaphore                       0x20004134   Data           4  main.o(.bss.xAutoDownSemaphore)
    xAutoUpSemaphore                         0x20004138   Data           4  main.o(.bss.xAutoUpSemaphore)
    xBinarySemaphore                         0x2000413c   Data           4  main.o(.bss.xBinarySemaphore)
    xManualDownSemaphore                     0x2000416c   Data           4  main.o(.bss.xManualDownSemaphore)
    xManualUpSemaphore                       0x20004170   Data           4  main.o(.bss.xManualUpSemaphore)
    xMutexLock                               0x20004178   Data           4  main.o(.bss.xMutexLock)
    xTaskHandleManualDown                    0x200041b8   Data           4  main.o(.bss.xTaskHandleManualDown)
    xTaskHandleManualUp                      0x200041bc   Data           4  main.o(.bss.xTaskHandleManualUp)
    xlockSemaphore                           0x200041dc   Data           4  main.o(.bss.xlockSemaphore)



==============================================================================

Memory Map of the image

  Image Entry point : 0x0000030d

  Load Region LR_IROM1 (Base: 0x00000000, Size: 0x000043a0, Max: 0x00040000, ABSOLUTE)

    Execution Region ER_IROM1 (Exec base: 0x00000000, Load base: 0x00000000, Size: 0x00004398, Max: 0x00040000, ABSOLUTE)

    Exec Addr    Load Addr    Size         Type   Attr      Idx    E Section Name        Object

    0x00000000   0x00000000   0x0000026c   Data   RO          111    RESET               startup_tm4c123.o
    0x0000026c   0x0000026c   0x00000008   Code   RO         1517  * !!!main             c_w.l(__main.o)
    0x00000274   0x00000274   0x00000034   Code   RO         1686    !!!scatter          c_w.l(__scatter.o)
    0x000002a8   0x000002a8   0x0000001a   Code   RO         1688    !!handler_copy      c_w.l(__scatter_copy.o)
    0x000002c2   0x000002c2   0x00000002   PAD
    0x000002c4   0x000002c4   0x0000001c   Code   RO         1690    !!handler_zi        c_w.l(__scatter_zi.o)
    0x000002e0   0x000002e0   0x00000002   Code   RO         1548    .ARM.Collect$$libinit$$00000000  c_w.l(libinit.o)
    0x000002e2   0x000002e2   0x00000004   Code   RO         1554    .ARM.Collect$$libinit$$00000001  c_w.l(libinit2.o)
    0x000002e6   0x000002e6   0x00000000   Code   RO         1557    .ARM.Collect$$libinit$$00000004  c_w.l(libinit2.o)
    0x000002e6   0x000002e6   0x00000000   Code   RO         1559    .ARM.Collect$$libinit$$00000006  c_w.l(libinit2.o)
    0x000002e6   0x000002e6   0x00000000   Code   RO         1562    .ARM.Collect$$libinit$$0000000C  c_w.l(libinit2.o)
    0x000002e6   0x000002e6   0x00000000   Code   RO         1564    .ARM.Collect$$libinit$$0000000E  c_w.l(libinit2.o)
    0x000002e6   0x000002e6   0x00000000   Code   RO         1566    .ARM.Collect$$libinit$$00000010  c_w.l(libinit2.o)
    0x000002e6   0x000002e6   0x00000000   Code   RO         1569    .ARM.Collect$$libinit$$00000013  c_w.l(libinit2.o)
    0x000002e6   0x000002e6   0x00000000   Code   RO         1571    .ARM.Collect$$libinit$$00000015  c_w.l(libinit2.o)
    0x000002e6   0x000002e6   0x00000000   Code   RO         1573    .ARM.Collect$$libinit$$00000017  c_w.l(libinit2.o)
    0x000002e6   0x000002e6   0x00000000   Code   RO         1575    .ARM.Collect$$libinit$$00000019  c_w.l(libinit2.o)
    0x000002e6   0x000002e6   0x00000000   Code   RO         1577    .ARM.Collect$$libinit$$0000001B  c_w.l(libinit2.o)
    0x000002e6   0x000002e6   0x00000000   Code   RO         1579    .ARM.Collect$$libinit$$0000001D  c_w.l(libinit2.o)
    0x000002e6   0x000002e6   0x00000000   Code   RO         1581    .ARM.Collect$$libinit$$0000001F  c_w.l(libinit2.o)
    0x000002e6   0x000002e6   0x00000000   Code   RO         1583    .ARM.Collect$$libinit$$00000021  c_w.l(libinit2.o)
    0x000002e6   0x000002e6   0x00000000   Code   RO         1585    .ARM.Collect$$libinit$$00000023  c_w.l(libinit2.o)
    0x000002e6   0x000002e6   0x00000000   Code   RO         1587    .ARM.Collect$$libinit$$00000025  c_w.l(libinit2.o)
    0x000002e6   0x000002e6   0x00000000   Code   RO         1589    .ARM.Collect$$libinit$$00000027  c_w.l(libinit2.o)
    0x000002e6   0x000002e6   0x00000000   Code   RO         1593    .ARM.Collect$$libinit$$0000002E  c_w.l(libinit2.o)
    0x000002e6   0x000002e6   0x00000000   Code   RO         1595    .ARM.Collect$$libinit$$00000030  c_w.l(libinit2.o)
    0x000002e6   0x000002e6   0x00000000   Code   RO         1597    .ARM.Collect$$libinit$$00000032  c_w.l(libinit2.o)
    0x000002e6   0x000002e6   0x00000000   Code   RO         1599    .ARM.Collect$$libinit$$00000034  c_w.l(libinit2.o)
    0x000002e6   0x000002e6   0x00000002   Code   RO         1600    .ARM.Collect$$libinit$$00000035  c_w.l(libinit2.o)
    0x000002e8   0x000002e8   0x00000002   Code   RO         1622    .ARM.Collect$$libshutdown$$00000000  c_w.l(libshutdown.o)
    0x000002ea   0x000002ea   0x00000000   Code   RO         1637    .ARM.Collect$$libshutdown$$00000002  c_w.l(libshutdown2.o)
    0x000002ea   0x000002ea   0x00000000   Code   RO         1639    .ARM.Collect$$libshutdown$$00000004  c_w.l(libshutdown2.o)
    0x000002ea   0x000002ea   0x00000000   Code   RO         1642    .ARM.Collect$$libshutdown$$00000007  c_w.l(libshutdown2.o)
    0x000002ea   0x000002ea   0x00000000   Code   RO         1645    .ARM.Collect$$libshutdown$$0000000A  c_w.l(libshutdown2.o)
    0x000002ea   0x000002ea   0x00000000   Code   RO         1647    .ARM.Collect$$libshutdown$$0000000C  c_w.l(libshutdown2.o)
    0x000002ea   0x000002ea   0x00000000   Code   RO         1650    .ARM.Collect$$libshutdown$$0000000F  c_w.l(libshutdown2.o)
    0x000002ea   0x000002ea   0x00000002   Code   RO         1651    .ARM.Collect$$libshutdown$$00000010  c_w.l(libshutdown2.o)
    0x000002ec   0x000002ec   0x00000000   Code   RO         1519    .ARM.Collect$$rtentry$$00000000  c_w.l(__rtentry.o)
    0x000002ec   0x000002ec   0x00000000   Code   RO         1525    .ARM.Collect$$rtentry$$00000002  c_w.l(__rtentry2.o)
    0x000002ec   0x000002ec   0x00000006   Code   RO         1537    .ARM.Collect$$rtentry$$00000004  c_w.l(__rtentry4.o)
    0x000002f2   0x000002f2   0x00000000   Code   RO         1527    .ARM.Collect$$rtentry$$00000009  c_w.l(__rtentry2.o)
    0x000002f2   0x000002f2   0x00000004   Code   RO         1528    .ARM.Collect$$rtentry$$0000000A  c_w.l(__rtentry2.o)
    0x000002f6   0x000002f6   0x00000000   Code   RO         1530    .ARM.Collect$$rtentry$$0000000C  c_w.l(__rtentry2.o)
    0x000002f6   0x000002f6   0x00000008   Code   RO         1531    .ARM.Collect$$rtentry$$0000000D  c_w.l(__rtentry2.o)
    0x000002fe   0x000002fe   0x00000002   Code   RO         1552    .ARM.Collect$$rtexit$$00000000  c_w.l(rtexit.o)
    0x00000300   0x00000300   0x00000000   Code   RO         1602    .ARM.Collect$$rtexit$$00000002  c_w.l(rtexit2.o)
    0x00000300   0x00000300   0x00000004   Code   RO         1603    .ARM.Collect$$rtexit$$00000003  c_w.l(rtexit2.o)
    0x00000304   0x00000304   0x00000006   Code   RO         1604    .ARM.Collect$$rtexit$$00000004  c_w.l(rtexit2.o)
    0x0000030a   0x0000030a   0x00000002   PAD
    0x0000030c   0x0000030c   0x00000114   Code   RO          112  * .text               startup_tm4c123.o
    0x00000420   0x00000420   0x0000008a   Code   RO         1509    .text               c_w.l(rt_memcpy_v6.o)
    0x000004aa   0x000004aa   0x00000010   Code   RO         1511    .text               c_w.l(aeabi_memset4.o)
    0x000004ba   0x000004ba   0x00000044   Code   RO         1513    .text               c_w.l(rt_memclr.o)
    0x000004fe   0x000004fe   0x00000006   Code   RO         1515    .text               c_w.l(heapauxi.o)
    0x00000504   0x00000504   0x00000064   Code   RO         1520    .text               c_w.l(rt_memcpy_w.o)
    0x00000568   0x00000568   0x0000004e   Code   RO         1522    .text               c_w.l(rt_memclr_w.o)
    0x000005b6   0x000005b6   0x0000004a   Code   RO         1539    .text               c_w.l(sys_stackheap_outer.o)
    0x00000600   0x00000600   0x00000012   Code   RO         1541    .text               c_w.l(exit.o)
    0x00000612   0x00000612   0x00000002   PAD
    0x00000614   0x00000614   0x00000008   Code   RO         1549    .text               c_w.l(libspace.o)
    0x0000061c   0x0000061c   0x0000000c   Code   RO         1612    .text               c_w.l(sys_exit.o)
    0x00000628   0x00000628   0x00000002   Code   RO         1627    .text               c_w.l(use_no_semi.o)
    0x0000062a   0x0000062a   0x00000000   Code   RO         1629    .text               c_w.l(indicate_semi.o)
    0x0000062a   0x0000062a   0x00000002   PAD
    0x0000062c   0x0000062c   0x0000003e   Code   RO            2    .text.Delay_ms      main.o
    0x0000066a   0x0000066a   0x00000002   PAD
    0x0000066c   0x0000066c   0x0000004c   Code   RO           16    .text.GPIOD_Handler  main.o
    0x000006b8   0x000006b8   0x0000024a   Code   RO           14    .text.GPIOE_Handler  main.o
    0x00000902   0x00000902   0x00000002   PAD
    0x00000904   0x00000904   0x0000002c   Code   RO           87    .text.L298N_Init    motor.o
    0x00000930   0x00000930   0x00000020   Code   RO           91    .text.L298N_MoveBackward  motor.o
    0x00000950   0x00000950   0x00000020   Code   RO           89    .text.L298N_MoveForward  motor.o
    0x00000970   0x00000970   0x00000010   Code   RO           93    .text.L298N_Stop    motor.o
    0x00000980   0x00000980   0x00000064   Code   RO          171    .text.PendSV_Handler  port.o
    0x000009e4   0x000009e4   0x000000dc   Code   RO           72    .text.PushButton_Init  buttons.o
    0x00000ac0   0x00000ac0   0x00000024   Code   RO          155    .text.SVC_Handler   port.o
    0x00000ae4   0x00000ae4   0x000000fe   Code   RO          102    .text.Semph_Init    semph.o
    0x00000be2   0x00000be2   0x00000002   PAD
    0x00000be4   0x00000be4   0x0000003c   Code   RO          173    .text.SysTick_Handler  port.o
    0x00000c20   0x00000c20   0x0000010c   Code   RO          123    .text.SystemInit    system_tm4c123.o
    0x00000d2c   0x00000d2c   0x00000042   Code   RO           20    .text.__NVIC_SetPriority  main.o
    0x00000d6e   0x00000d6e   0x00000002   PAD
    0x00000d70   0x00000d70   0x00000080   Code   RO          387    .text.eTaskConfirmSleepModeStatus  tasks.o
    0x00000df0   0x00000df0   0x0000009e   Code   RO           76    .text.lock_init     buttons.o
    0x00000e8e   0x00000e8e   0x00000002   PAD
    0x00000e90   0x00000e90   0x0000016c   Code   RO           18    .text.main          main.o
    0x00000ffc   0x00000ffc   0x0000005e   Code   RO           74    .text.on_off_init   buttons.o
    0x0000105a   0x0000105a   0x00000002   PAD
    0x0000105c   0x0000105c   0x00000122   Code   RO          311    .text.prvAddCurrentTaskToDelayedList  tasks.o
    0x0000117e   0x0000117e   0x00000002   PAD
    0x00001180   0x00001180   0x00000154   Code   RO          299    .text.prvAddNewTaskToReadyList  tasks.o
    0x000012d4   0x000012d4   0x0000005a   Code   RO          427    .text.prvCheckTasksWaitingTermination  tasks.o
    0x0000132e   0x0000132e   0x00000002   PAD
    0x00001330   0x00001330   0x000000cc   Code   RO          234    .text.prvCopyDataToQueue  queue.o
    0x000013fc   0x000013fc   0x00000018   Code   RO          305    .text.prvDeleteTCB  tasks.o
    0x00001414   0x00001414   0x00000026   Code   RO          252    .text.prvGetDisinheritPriorityAfterTimeout  queue.o
    0x0000143a   0x0000143a   0x00000002   PAD
    0x0000143c   0x0000143c   0x0000007c   Code   RO          429    .text.prvGetExpectedIdleTime  tasks.o
    0x000014b8   0x000014b8   0x0000009e   Code   RO          337    .text.prvIdleTask   tasks.o
    0x00001556   0x00001556   0x00000002   PAD
    0x00001558   0x00001558   0x0000002c   Code   RO          218    .text.prvInitialiseMutex  queue.o
    0x00001584   0x00001584   0x0000004e   Code   RO          214    .text.prvInitialiseNewQueue  queue.o
    0x000015d2   0x000015d2   0x00000002   PAD
    0x000015d4   0x000015d4   0x00000124   Code   RO          297    .text.prvInitialiseNewTask  tasks.o
    0x000016f8   0x000016f8   0x0000008e   Code   RO          425    .text.prvInitialiseTaskLists  tasks.o
    0x00001786   0x00001786   0x00000002   PAD
    0x00001788   0x00001788   0x00000028   Code   RO          250    .text.prvIsQueueEmpty  queue.o
    0x000017b0   0x000017b0   0x0000002e   Code   RO          238    .text.prvIsQueueFull  queue.o
    0x000017de   0x000017de   0x00000002   PAD
    0x000017e0   0x000017e0   0x000000ec   Code   RO          236    .text.prvNotifyQueueSetContainer  queue.o
    0x000018cc   0x000018cc   0x00000028   Code   RO          163    .text.prvPortStartFirstTask  port.o
    0x000018f4   0x000018f4   0x0000003c   Code   RO          303    .text.prvResetNextTaskUnblockTime  tasks.o
    0x00001930   0x00001930   0x0000004c   Code   RO          153    .text.prvTaskExitError  port.o
    0x0000197c   0x0000197c   0x000000cc   Code   RO          240    .text.prvUnlockQueue  queue.o
    0x00001a48   0x00001a48   0x000000c0   Code   RO          192    .text.pvPortMalloc  heap_1.o
    0x00001b08   0x00001b08   0x0000002c   Code   RO          409    .text.pvTaskIncrementMutexHeldCount  tasks.o
    0x00001b34   0x00001b34   0x0000005e   Code   RO          151    .text.pxPortInitialiseStack  port.o
    0x00001b92   0x00001b92   0x00000002   PAD
    0x00001b94   0x00001b94   0x00000048   Code   RO          142    .text.uxListRemove  list.o
    0x00001bdc   0x00001bdc   0x0000000c   Code   RO          347    .text.uxTaskGetNumberOfTasks  tasks.o
    0x00001be8   0x00001be8   0x00000050   Code   RO           22    .text.vApplicationIdleHook  main.o
    0x00001c38   0x00001c38   0x0000017c   Code   RO           10    .text.vAutoDownDriver  main.o
    0x00001db4   0x00001db4   0x000001ac   Code   RO            8    .text.vAutoUpDriver  main.o
    0x00001f60   0x00001f60   0x0000002e   Code   RO          134    .text.vListInitialise  list.o
    0x00001f8e   0x00001f8e   0x00000002   PAD
    0x00001f90   0x00001f90   0x0000000e   Code   RO          136    .text.vListInitialiseItem  list.o
    0x00001f9e   0x00001f9e   0x00000002   PAD
    0x00001fa0   0x00001fa0   0x0000006a   Code   RO          140    .text.vListInsert   list.o
    0x0000200a   0x0000200a   0x00000002   PAD
    0x0000200c   0x0000200c   0x00000014   Code   RO          161    .text.vPortEnableVFP  port.o
    0x00002020   0x00002020   0x00000056   Code   RO          167    .text.vPortEnterCritical  port.o
    0x00002076   0x00002076   0x00000002   PAD
    0x00002078   0x00002078   0x0000004a   Code   RO          169    .text.vPortExitCritical  port.o
    0x000020c2   0x000020c2   0x00000002   PAD
    0x000020c4   0x000020c4   0x00000024   Code   RO          194    .text.vPortFree     heap_1.o
    0x000020e8   0x000020e8   0x00000078   Code   RO          159    .text.vPortSetupTimerInterrupt  port.o
    0x00002160   0x00002160   0x00000220   Code   RO          175    .text.vPortSuppressTicksAndSleep  port.o
    0x00002380   0x00002380   0x00000084   Code   RO          177    .text.vPortValidateInterruptPriority  port.o
    0x00002404   0x00002404   0x00000024   Code   RO          377    .text.vTaskInternalSetTimeOutState  tasks.o
    0x00002428   0x00002428   0x0000000e   Code   RO          381    .text.vTaskMissedYield  tasks.o
    0x00002436   0x00002436   0x00000002   PAD
    0x00002438   0x00002438   0x00000042   Code   RO          367    .text.vTaskPlaceOnEventList  tasks.o
    0x0000247a   0x0000247a   0x00000002   PAD
    0x0000247c   0x0000247c   0x00000182   Code   RO          405    .text.vTaskPriorityDisinheritAfterTimeout  tasks.o
    0x000025fe   0x000025fe   0x00000002   PAD
    0x00002600   0x00002600   0x000000a2   Code   RO          335    .text.vTaskStartScheduler  tasks.o
    0x000026a2   0x000026a2   0x00000002   PAD
    0x000026a4   0x000026a4   0x000000cc   Code   RO          361    .text.vTaskStepTick  tasks.o
    0x00002770   0x00002770   0x00000010   Code   RO          309    .text.vTaskSuspendAll  tasks.o
    0x00002780   0x00002780   0x000000be   Code   RO          327    .text.vTaskSwitchContext  tasks.o
    0x0000283e   0x0000283e   0x00000002   PAD
    0x00002840   0x00002840   0x00000142   Code   RO            6    .text.vWindowDownDriver  main.o
    0x00002982   0x00002982   0x00000002   PAD
    0x00002984   0x00002984   0x00000152   Code   RO            4    .text.vWindowUpDriver  main.o
    0x00002ad6   0x00002ad6   0x00000002   PAD
    0x00002ad8   0x00002ad8   0x0000008a   Code   RO           12    .text.vlockTask     main.o
    0x00002b62   0x00002b62   0x00000002   PAD
    0x00002b64   0x00002b64   0x0000017c   Code   RO          157    .text.xPortStartScheduler  port.o
    0x00002ce0   0x00002ce0   0x00000026   Code   RO          216    .text.xQueueCreateMutex  queue.o
    0x00002d06   0x00002d06   0x00000002   PAD
    0x00002d08   0x00002d08   0x0000009a   Code   RO          212    .text.xQueueGenericCreate  queue.o
    0x00002da2   0x00002da2   0x00000002   PAD
    0x00002da4   0x00002da4   0x00000108   Code   RO          210    .text.xQueueGenericReset  queue.o
    0x00002eac   0x00002eac   0x00000274   Code   RO          226    .text.xQueueGenericSend  queue.o
    0x00003120   0x00003120   0x00000182   Code   RO          244    .text.xQueueGiveFromISR  queue.o
    0x000032a2   0x000032a2   0x00000002   PAD
    0x000032a4   0x000032a4   0x00000210   Code   RO          230    .text.xQueueSemaphoreTake  queue.o
    0x000034b4   0x000034b4   0x000000fc   Code   RO          379    .text.xTaskCheckForTimeOut  tasks.o
    0x000035b0   0x000035b0   0x000000a0   Code   RO          295    .text.xTaskCreate   tasks.o
    0x00003650   0x00003650   0x00000038   Code   RO          399    .text.xTaskGetSchedulerState  tasks.o
    0x00003688   0x00003688   0x00000260   Code   RO          341    .text.xTaskIncrementTick  tasks.o
    0x000038e8   0x000038e8   0x00000138   Code   RO          403    .text.xTaskPriorityDisinherit  tasks.o
    0x00003a20   0x00003a20   0x0000015c   Code   RO          401    .text.xTaskPriorityInherit  tasks.o
    0x00003b7c   0x00003b7c   0x00000192   Code   RO          371    .text.xTaskRemoveFromEventList  tasks.o
    0x00003d0e   0x00003d0e   0x00000002   PAD
    0x00003d10   0x00003d10   0x00000222   Code   RO          313    .text.xTaskResumeAll  tasks.o
    0x00003f32   0x00003f32   0x00000028   Code   RO          465    i.GPIODirModeSet    driverlib.lib(gpio.o)
    0x00003f5a   0x00003f5a   0x00000006   Code   RO          466    i.GPIOIntClear      driverlib.lib(gpio.o)
    0x00003f60   0x00003f60   0x0000000c   Code   RO          468    i.GPIOIntEnable     driverlib.lib(gpio.o)
    0x00003f6c   0x00003f6c   0x00000050   Code   RO          473    i.GPIOIntTypeSet    driverlib.lib(gpio.o)
    0x00003fbc   0x00003fbc   0x00000170   Code   RO          477    i.GPIOPadConfigSet  driverlib.lib(gpio.o)
    0x0000412c   0x0000412c   0x00000006   Code   RO          479    i.GPIOPinRead       driverlib.lib(gpio.o)
    0x00004132   0x00004132   0x0000001c   Code   RO          488    i.GPIOPinTypeGPIOInput  driverlib.lib(gpio.o)
    0x0000414e   0x0000414e   0x0000001c   Code   RO          489    i.GPIOPinTypeGPIOOutput  driverlib.lib(gpio.o)
    0x0000416a   0x0000416a   0x00000006   Code   RO          507    i.GPIOPinWrite      driverlib.lib(gpio.o)
    0x00004170   0x00004170   0x00000064   Code   RO          799    i.IntEnable         driverlib.lib(interrupt.o)
    0x000041d4   0x000041d4   0x00000028   Code   RO         1181    i.SysCtlPeripheralEnable  driverlib.lib(sysctl.o)
    0x000041fc   0x000041fc   0x0000002c   Code   RO         1185    i.SysCtlPeripheralReady  driverlib.lib(sysctl.o)
    0x00004228   0x00004228   0x0000001a   Code   RO         1610    x$fpl$fpinit        fz_wm.l(fpinit.o)
    0x00004242   0x00004242   0x00000002   PAD
    0x00004244   0x00004244   0x0000010c   Data   RO          815    .constdata          driverlib.lib(interrupt.o)
    0x00004350   0x00004350   0x0000001e   Data   RO           42    .rodata.str1.1      main.o
    0x0000436e   0x0000436e   0x00000005   Data   RO          447    .rodata.str1.1      tasks.o
    0x00004373   0x00004373   0x00000001   PAD
    0x00004374   0x00004374   0x00000004   Data   RO          432    .rodata.uxTopUsedPriority  tasks.o
    0x00004378   0x00004378   0x00000020   Data   RO         1685    Region$$Table       anon$$obj.o


    Execution Region RW_IRAM1 (Exec base: 0x20000000, Load base: 0x00004398, Size: 0x000043e0, Max: 0x00008000, ABSOLUTE)

    Exec Addr    Load Addr    Size         Type   Attr      Idx    E Section Name        Object

    0x20000000   0x00004398   0x00000004   Data   RW          125    .data.SystemCoreClock  system_tm4c123.o
    0x20000004   0x0000439c   0x00000004   Data   RW          181    .data.uxCriticalNesting  port.o
    0x20000008        -       0x00000060   Zero   RW         1550    .bss                c_w.l(libspace.o)
    0x20000068        -       0x00000001   Zero   RW           28    .bss.down           main.o
    0x20000069        -       0x00000001   Zero   RW           31    .bss.downBefore     main.o
    0x2000006a        -       0x00000001   Zero   RW           32    .bss.fromDriver     main.o
    0x2000006b        -       0x00000001   Zero   RW           29    .bss.locked         main.o
    0x2000006c        -       0x00000004   Zero   RW          200    .bss.pvPortMalloc.pucAlignedHeap  heap_1.o
    0x20000070        -       0x00000004   Zero   RW          431    .bss.pxCurrentTCB   tasks.o
    0x20000074        -       0x00000004   Zero   RW          442    .bss.pxDelayedTaskList  tasks.o
    0x20000078        -       0x00000004   Zero   RW          443    .bss.pxOverflowDelayedTaskList  tasks.o
    0x2000007c        -       0x0000008c   Zero   RW          433    .bss.pxReadyTasksLists  tasks.o
    0x20000108        -       0x00000004   Zero   RW           40    .bss.uCountingQueue  main.o
    0x2000010c        -       0x00004000   Zero   RW          201    .bss.ucHeap         heap_1.o
    0x2000410c        -       0x00000001   Zero   RW          179    .bss.ucMaxSysCallPriority  port.o
    0x2000410d   0x000043a0   0x00000003   PAD
    0x20004110        -       0x00000004   Zero   RW          180    .bss.ulMaxPRIGROUPValue  port.o
    0x20004114        -       0x00000004   Zero   RW          184    .bss.ulStoppedTimerCompensation  port.o
    0x20004118        -       0x00000004   Zero   RW          183    .bss.ulTimerCountsForOneTick  port.o
    0x2000411c        -       0x00000001   Zero   RW           27    .bss.up             main.o
    0x2000411d        -       0x00000001   Zero   RW           30    .bss.upBefore       main.o
    0x2000411e   0x000043a0   0x00000002   PAD
    0x20004120        -       0x00000004   Zero   RW          438    .bss.uxCurrentNumberOfTasks  tasks.o
    0x20004124        -       0x00000004   Zero   RW          437    .bss.uxDeletedTasksWaitingCleanUp  tasks.o
    0x20004128        -       0x00000004   Zero   RW          440    .bss.uxSchedulerSuspended  tasks.o
    0x2000412c        -       0x00000004   Zero   RW          435    .bss.uxTaskNumber   tasks.o
    0x20004130        -       0x00000004   Zero   RW          434    .bss.uxTopReadyPriority  tasks.o
    0x20004134        -       0x00000004   Zero   RW           38    .bss.xAutoDownSemaphore  main.o
    0x20004138        -       0x00000004   Zero   RW           37    .bss.xAutoUpSemaphore  main.o
    0x2000413c        -       0x00000004   Zero   RW           41    .bss.xBinarySemaphore  main.o
    0x20004140        -       0x00000014   Zero   RW          452    .bss.xDelayedTaskList1  tasks.o
    0x20004154        -       0x00000014   Zero   RW          453    .bss.xDelayedTaskList2  tasks.o
    0x20004168        -       0x00000004   Zero   RW          448    .bss.xIdleTaskHandle  tasks.o
    0x2000416c        -       0x00000004   Zero   RW           36    .bss.xManualDownSemaphore  main.o
    0x20004170        -       0x00000004   Zero   RW           34    .bss.xManualUpSemaphore  main.o
    0x20004174        -       0x00000004   Zero   RW          182    .bss.xMaximumPossibleSuppressedTicks  port.o
    0x20004178        -       0x00000004   Zero   RW           35    .bss.xMutexLock     main.o
    0x2000417c        -       0x00000004   Zero   RW          202    .bss.xNextFreeByte  heap_1.o
    0x20004180        -       0x00000004   Zero   RW          449    .bss.xNextTaskUnblockTime  tasks.o
    0x20004184        -       0x00000004   Zero   RW          451    .bss.xNumOfOverflows  tasks.o
    0x20004188        -       0x00000004   Zero   RW          450    .bss.xPendedTicks   tasks.o
    0x2000418c        -       0x00000014   Zero   RW          446    .bss.xPendingReadyList  tasks.o
    0x200041a0        -       0x00000004   Zero   RW          439    .bss.xSchedulerRunning  tasks.o
    0x200041a4        -       0x00000014   Zero   RW          444    .bss.xSuspendedTaskList  tasks.o
    0x200041b8        -       0x00000004   Zero   RW           43    .bss.xTaskHandleManualDown  main.o
    0x200041bc        -       0x00000004   Zero   RW           44    .bss.xTaskHandleManualUp  main.o
    0x200041c0        -       0x00000014   Zero   RW          436    .bss.xTasksWaitingTermination  tasks.o
    0x200041d4        -       0x00000004   Zero   RW          441    .bss.xTickCount     tasks.o
    0x200041d8        -       0x00000004   Zero   RW          445    .bss.xYieldPending  tasks.o
    0x200041dc        -       0x00000004   Zero   RW           39    .bss.xlockSemaphore  main.o
    0x200041e0        -       0x00000000   Zero   RW          110    HEAP                startup_tm4c123.o
    0x200041e0        -       0x00000200   Zero   RW          109    STACK               startup_tm4c123.o


==============================================================================

Image component sizes


      Code (inc. data)   RO Data    RW Data    ZI Data      Debug   Object Name

       472          0          0          0          0        689   buttons.o
       228          0          0          0      16392       1770   heap_1.o
       238          0          0          0          0       2360   list.o
      2840          0         30          0         46       7243   main.o
       124          0          0          0          0        784   motor.o
      1762         16          0          4         17       5029   port.o
      2888          0          0          0          0      16727   queue.o
       254          0          0          0          0        943   semph.o
       276         24        620          0        512       5512   startup_tm4c123.o
       268          0          0          4          0       6774   system_tm4c123.o
      5462          0          9          0        300      27008   tasks.o

    ----------------------------------------------------------------------
     14874         40        692          8      17272      74839   Object Totals
         0          0         32          0          0          0   (incl. Generated)
        62          0          1          0          5          0   (incl. Padding)

    ----------------------------------------------------------------------

      Code (inc. data)   RO Data    RW Data    ZI Data      Debug   Library Member Name

         8          0          0          0          0         68   __main.o
         0          0          0          0          0          0   __rtentry.o
        12          0          0          0          0          0   __rtentry2.o
         6          0          0          0          0          0   __rtentry4.o
        52          8          0          0          0          0   __scatter.o
        26          0          0          0          0          0   __scatter_copy.o
        28          0          0          0          0          0   __scatter_zi.o
        16          0          0          0          0         68   aeabi_memset4.o
        18          0          0          0          0         80   exit.o
         6          0          0          0          0        152   heapauxi.o
         0          0          0          0          0          0   indicate_semi.o
         2          0          0          0          0          0   libinit.o
         6          0          0          0          0          0   libinit2.o
         2          0          0          0          0          0   libshutdown.o
         2          0          0          0          0          0   libshutdown2.o
         8          4          0          0         96         68   libspace.o
        68          0          0          0          0         68   rt_memclr.o
        78          0          0          0          0         80   rt_memclr_w.o
       138          0          0          0          0         68   rt_memcpy_v6.o
       100          0          0          0          0         80   rt_memcpy_w.o
         2          0          0          0          0          0   rtexit.o
        10          0          0          0          0          0   rtexit2.o
        12          4          0          0          0         68   sys_exit.o
        74          0          0          0          0         80   sys_stackheap_outer.o
         2          0          0          0          0         68   use_no_semi.o
       574         14          0          0          0      10372   gpio.o
       100          8        268          0          0       1524   interrupt.o
        84          8          0          0          0       1021   sysctl.o
        26          0          0          0          0        116   fpinit.o

    ----------------------------------------------------------------------
      1470         46        268          0         96      13981   Library Totals
        10          0          0          0          0          0   (incl. Padding)

    ----------------------------------------------------------------------

      Code (inc. data)   RO Data    RW Data    ZI Data      Debug   Library Name

       676         16          0          0         96        948   c_w.l
       758         30        268          0          0      12917   driverlib.lib
        26          0          0          0          0        116   fz_wm.l

    ----------------------------------------------------------------------
      1470         46        268          0         96      13981   Library Totals

    ----------------------------------------------------------------------

==============================================================================


      Code (inc. data)   RO Data    RW Data    ZI Data      Debug   

     16344         86        960          8      17368      87424   Grand Totals
     16344         86        960          8      17368      87424   ELF Image Totals
     16344         86        960          8          0          0   ROM Totals

==============================================================================

    Total RO  Size (Code + RO Data)                17304 (  16.90kB)
    Total RW  Size (RW Data + ZI Data)             17376 (  16.97kB)
    Total ROM Size (Code + RO Data + RW Data)      17312 (  16.91kB)

==============================================================================

